Archive member included to satisfy reference by file (symbol)

C:/ST/STM32CubeIDE_1.18.1/STM32CubeIDE/plugins/com.st.stm32cube.ide.mcu.externaltools.gnu-tools-for-stm32.13.3.rel1.win32_1.0.0.202411081344/tools/bin/../lib/gcc/arm-none-eabi/13.3.1/../../../../arm-none-eabi/lib/thumb/v7e-m+fp/hard\libc_nano.a(libc_a-exit.o)
                              C:/ST/STM32CubeIDE_1.18.1/STM32CubeIDE/plugins/com.st.stm32cube.ide.mcu.externaltools.gnu-tools-for-stm32.13.3.rel1.win32_1.0.0.202411081344/tools/bin/../lib/gcc/arm-none-eabi/13.3.1/../../../../arm-none-eabi/lib/thumb/v7e-m+fp/hard/crt0.o (exit)
C:/ST/STM32CubeIDE_1.18.1/STM32CubeIDE/plugins/com.st.stm32cube.ide.mcu.externaltools.gnu-tools-for-stm32.13.3.rel1.win32_1.0.0.202411081344/tools/bin/../lib/gcc/arm-none-eabi/13.3.1/../../../../arm-none-eabi/lib/thumb/v7e-m+fp/hard\libc_nano.a(libc_a-findfp.o)
                              C:/ST/STM32CubeIDE_1.18.1/STM32CubeIDE/plugins/com.st.stm32cube.ide.mcu.externaltools.gnu-tools-for-stm32.13.3.rel1.win32_1.0.0.202411081344/tools/bin/../lib/gcc/arm-none-eabi/13.3.1/../../../../arm-none-eabi/lib/thumb/v7e-m+fp/hard\libc_nano.a(libc_a-exit.o) (__stdio_exit_handler)
C:/ST/STM32CubeIDE_1.18.1/STM32CubeIDE/plugins/com.st.stm32cube.ide.mcu.externaltools.gnu-tools-for-stm32.13.3.rel1.win32_1.0.0.202411081344/tools/bin/../lib/gcc/arm-none-eabi/13.3.1/../../../../arm-none-eabi/lib/thumb/v7e-m+fp/hard\libc_nano.a(libc_a-fwalk.o)
                              C:/ST/STM32CubeIDE_1.18.1/STM32CubeIDE/plugins/com.st.stm32cube.ide.mcu.externaltools.gnu-tools-for-stm32.13.3.rel1.win32_1.0.0.202411081344/tools/bin/../lib/gcc/arm-none-eabi/13.3.1/../../../../arm-none-eabi/lib/thumb/v7e-m+fp/hard\libc_nano.a(libc_a-findfp.o) (_fwalk_sglue)
C:/ST/STM32CubeIDE_1.18.1/STM32CubeIDE/plugins/com.st.stm32cube.ide.mcu.externaltools.gnu-tools-for-stm32.13.3.rel1.win32_1.0.0.202411081344/tools/bin/../lib/gcc/arm-none-eabi/13.3.1/../../../../arm-none-eabi/lib/thumb/v7e-m+fp/hard\libc_nano.a(libc_a-sprintf.o)
                              ./Core/driver/hypersonic/distance.o (sprintf)
C:/ST/STM32CubeIDE_1.18.1/STM32CubeIDE/plugins/com.st.stm32cube.ide.mcu.externaltools.gnu-tools-for-stm32.13.3.rel1.win32_1.0.0.202411081344/tools/bin/../lib/gcc/arm-none-eabi/13.3.1/../../../../arm-none-eabi/lib/thumb/v7e-m+fp/hard\libc_nano.a(libc_a-stdio.o)
                              C:/ST/STM32CubeIDE_1.18.1/STM32CubeIDE/plugins/com.st.stm32cube.ide.mcu.externaltools.gnu-tools-for-stm32.13.3.rel1.win32_1.0.0.202411081344/tools/bin/../lib/gcc/arm-none-eabi/13.3.1/../../../../arm-none-eabi/lib/thumb/v7e-m+fp/hard\libc_nano.a(libc_a-findfp.o) (__sread)
C:/ST/STM32CubeIDE_1.18.1/STM32CubeIDE/plugins/com.st.stm32cube.ide.mcu.externaltools.gnu-tools-for-stm32.13.3.rel1.win32_1.0.0.202411081344/tools/bin/../lib/gcc/arm-none-eabi/13.3.1/../../../../arm-none-eabi/lib/thumb/v7e-m+fp/hard\libc_nano.a(libc_a-memset.o)
                              C:/ST/STM32CubeIDE_1.18.1/STM32CubeIDE/plugins/com.st.stm32cube.ide.mcu.externaltools.gnu-tools-for-stm32.13.3.rel1.win32_1.0.0.202411081344/tools/bin/../lib/gcc/arm-none-eabi/13.3.1/../../../../arm-none-eabi/lib/thumb/v7e-m+fp/hard/crt0.o (memset)
C:/ST/STM32CubeIDE_1.18.1/STM32CubeIDE/plugins/com.st.stm32cube.ide.mcu.externaltools.gnu-tools-for-stm32.13.3.rel1.win32_1.0.0.202411081344/tools/bin/../lib/gcc/arm-none-eabi/13.3.1/../../../../arm-none-eabi/lib/thumb/v7e-m+fp/hard\libc_nano.a(libc_a-closer.o)
                              C:/ST/STM32CubeIDE_1.18.1/STM32CubeIDE/plugins/com.st.stm32cube.ide.mcu.externaltools.gnu-tools-for-stm32.13.3.rel1.win32_1.0.0.202411081344/tools/bin/../lib/gcc/arm-none-eabi/13.3.1/../../../../arm-none-eabi/lib/thumb/v7e-m+fp/hard\libc_nano.a(libc_a-stdio.o) (_close_r)
C:/ST/STM32CubeIDE_1.18.1/STM32CubeIDE/plugins/com.st.stm32cube.ide.mcu.externaltools.gnu-tools-for-stm32.13.3.rel1.win32_1.0.0.202411081344/tools/bin/../lib/gcc/arm-none-eabi/13.3.1/../../../../arm-none-eabi/lib/thumb/v7e-m+fp/hard\libc_nano.a(libc_a-reent.o)
                              C:/ST/STM32CubeIDE_1.18.1/STM32CubeIDE/plugins/com.st.stm32cube.ide.mcu.externaltools.gnu-tools-for-stm32.13.3.rel1.win32_1.0.0.202411081344/tools/bin/../lib/gcc/arm-none-eabi/13.3.1/../../../../arm-none-eabi/lib/thumb/v7e-m+fp/hard\libc_nano.a(libc_a-closer.o) (errno)
C:/ST/STM32CubeIDE_1.18.1/STM32CubeIDE/plugins/com.st.stm32cube.ide.mcu.externaltools.gnu-tools-for-stm32.13.3.rel1.win32_1.0.0.202411081344/tools/bin/../lib/gcc/arm-none-eabi/13.3.1/../../../../arm-none-eabi/lib/thumb/v7e-m+fp/hard\libc_nano.a(libc_a-impure.o)
                              C:/ST/STM32CubeIDE_1.18.1/STM32CubeIDE/plugins/com.st.stm32cube.ide.mcu.externaltools.gnu-tools-for-stm32.13.3.rel1.win32_1.0.0.202411081344/tools/bin/../lib/gcc/arm-none-eabi/13.3.1/../../../../arm-none-eabi/lib/thumb/v7e-m+fp/hard\libc_nano.a(libc_a-sprintf.o) (_impure_ptr)
[...]
Memory Configuration

Name             Origin             Length             Attributes
RAM              0x20000000         0x00020000         xrw
FLASH            0x08000000         0x00080000         xr
*default*        0x00000000         0xffffffff

Linker script and memory map

LOAD C:/ST/STM32CubeIDE_1.18.1/STM32CubeIDE/plugins/com.st.stm32cube.ide.mcu.externaltools.gnu-tools-for-stm32.13.3.rel1.win32_1.0.0.202411081344/tools/bin/../lib/gcc/arm-none-eabi/13.3.1/thumb/v7e-m+fp/hard/crti.o
LOAD C:/ST/STM32CubeIDE_1.18.1/STM32CubeIDE/plugins/com.st.stm32cube.ide.mcu.externaltools.gnu-tools-for-stm32.13.3.rel1.win32_1.0.0.202411081344/tools/bin/../lib/gcc/arm-none-eabi/13.3.1/thumb/v7e-m+fp/hard/crtbegin.o
LOAD C:/ST/STM32CubeIDE_1.18.1/STM32CubeIDE/plugins/com.st.stm32cube.ide.mcu.externaltools.gnu-tools-for-stm32.13.3.rel1.win32_1.0.0.202411081344/tools/bin/../lib/gcc/arm-none-eabi/13.3.1/../../../../arm-none-eabi/lib/thumb/v7e-m+fp/hard/crt0.o
LOAD ./Core/Src/gpio.o
LOAD ./Core/Src/i2c.o
LOAD ./Core/Src/main.o
LOAD ./Core/Src/stm32f4xx_hal_msp.o
LOAD ./Core/Src/stm32f4xx_it.o
LOAD ./Core/Src/syscalls.o
LOAD ./Core/Src/sysmem.o
LOAD ./Core/Src/system_stm32f4xx.o
LOAD ./Core/Src/tim.o
LOAD ./Core/Src/usart.o
LOAD ./Core/Startup/startup_stm32f411retx.o
LOAD ./Core/ap/src/Controller.o
LOAD ./Core/ap/src/Listener.o
LOAD ./Core/ap/src/Presenter.o
LOAD ./Core/ap/src/TimeWatch.o
LOAD ./Core/ap/src/ap_main.o
LOAD ./Core/ap/src/queue.o
LOAD ./Core/ap/src/sound.o
LOAD ./Core/driver/Button/Button.o
LOAD ./Core/driver/DHT11/DHT11.o
LOAD ./Core/driver/FND/FND.o
LOAD ./Core/driver/LCD/lcd.o
LOAD ./Core/driver/LedBar/LedBar.o
LOAD ./Core/driver/Light/light.o
LOAD ./Core/driver/buzzer/buzzer.o
LOAD ./Core/driver/hypersonic/distance.o
LOAD ./Core/driver/hypersonic/hypersonic.o
LOAD ./Core/driver/motor/motor.o
LOAD ./Drivers/STM32F4xx_HAL_Driver/Src/stm32f4xx_hal.o
LOAD ./Drivers/STM32F4xx_HAL_Driver/Src/stm32f4xx_hal_cortex.o
LOAD ./Drivers/STM32F4xx_HAL_Driver/Src/stm32f4xx_hal_dma.o
LOAD ./Drivers/STM32F4xx_HAL_Driver/Src/stm32f4xx_hal_dma_ex.o
LOAD ./Drivers/STM32F4xx_HAL_Driver/Src/stm32f4xx_hal_exti.o
LOAD ./Drivers/STM32F4xx_HAL_Driver/Src/stm32f4xx_hal_flash.o
LOAD ./Drivers/STM32F4xx_HAL_Driver/Src/stm32f4xx_hal_flash_ex.o
LOAD ./Drivers/STM32F4xx_HAL_Driver/Src/stm32f4xx_hal_flash_ramfunc.o
LOAD ./Drivers/STM32F4xx_HAL_Driver/Src/stm32f4xx_hal_gpio.o
LOAD ./Drivers/STM32F4xx_HAL_Driver/Src/stm32f4xx_hal_i2c.o
LOAD ./Drivers/STM32F4xx_HAL_Driver/Src/stm32f4xx_hal_i2c_ex.o
LOAD ./Drivers/STM32F4xx_HAL_Driver/Src/stm32f4xx_hal_pwr.o
LOAD ./Drivers/STM32F4xx_HAL_Driver/Src/stm32f4xx_hal_pwr_ex.o
LOAD ./Drivers/STM32F4xx_HAL_Driver/Src/stm32f4xx_hal_rcc.o
LOAD ./Drivers/STM32F4xx_HAL_Driver/Src/stm32f4xx_hal_rcc_ex.o
LOAD ./Drivers/STM32F4xx_HAL_Driver/Src/stm32f4xx_hal_tim.o
LOAD ./Drivers/STM32F4xx_HAL_Driver/Src/stm32f4xx_hal_tim_ex.o
LOAD ./Drivers/STM32F4xx_HAL_Driver/Src/stm32f4xx_hal_uart.o
START GROUP
LOAD C:/ST/STM32CubeIDE_1.18.1/STM32CubeIDE/plugins/com.st.stm32cube.ide.mcu.externaltools.gnu-tools-for-stm32.13.3.rel1.win32_1.0.0.202411081344/tools/bin/../lib/gcc/arm-none-eabi/13.3.1/../../../../arm-none-eabi/lib/thumb/v7e-m+fp/hard\libc_nano.a
LOAD C:/ST/STM32CubeIDE_1.18.1/STM32CubeIDE/plugins/com.st.stm32cube.ide.mcu.externaltools.gnu-tools-for-stm32.13.3.rel1.win32_1.0.0.202411081344/tools/bin/../lib/gcc/arm-none-eabi/13.3.1/../../../../arm-none-eabi/lib/thumb/v7e-m+fp/hard\libm.a
END GROUP
START GROUP
LOAD C:/ST/STM32CubeIDE_1.18.1/STM32CubeIDE/plugins/com.st.stm32cube.ide.mcu.externaltools.gnu-tools-for-stm32.13.3.rel1.win32_1.0.0.202411081344/tools/bin/../lib/gcc/arm-none-eabi/13.3.1/thumb/v7e-m+fp/hard\libgcc.a
LOAD C:/ST/STM32CubeIDE_1.18.1/STM32CubeIDE/plugins/com.st.stm32cube.ide.mcu.externaltools.gnu-tools-for-stm32.13.3.rel1.win32_1.0.0.202411081344/tools/bin/../lib/gcc/arm-none-eabi/13.3.1/../../../../arm-none-eabi/lib/thumb/v7e-m+fp/hard\libc_nano.a
END GROUP
START GROUP
LOAD C:/ST/STM32CubeIDE_1.18.1/STM32CubeIDE/plugins/com.st.stm32cube.ide.mcu.externaltools.gnu-tools-for-stm32.13.3.rel1.win32_1.0.0.202411081344/tools/bin/../lib/gcc/arm-none-eabi/13.3.1/thumb/v7e-m+fp/hard\libgcc.a
LOAD C:/ST/STM32CubeIDE_1.18.1/STM32CubeIDE/plugins/com.st.stm32cube.ide.mcu.externaltools.gnu-tools-for-stm32.13.3.rel1.win32_1.0.0.202411081344/tools/bin/../lib/gcc/arm-none-eabi/13.3.1/../../../../arm-none-eabi/lib/thumb/v7e-m+fp/hard\libc_nano.a
LOAD C:/ST/STM32CubeIDE_1.18.1/STM32CubeIDE/plugins/com.st.stm32cube.ide.mcu.externaltools.gnu-tools-for-stm32.13.3.rel1.win32_1.0.0.202411081344/tools/bin/../lib/gcc/arm-none-eabi/13.3.1/../../../../arm-none-eabi/lib/thumb/v7e-m+fp/hard\libnosys.a
END GROUP
START GROUP
LOAD C:/ST/STM32CubeIDE_1.18.1/STM32CubeIDE/plugins/com.st.stm32cube.ide.mcu.externaltools.gnu-tools-for-stm32.13.3.rel1.win32_1.0.0.202411081344/tools/bin/../lib/gcc/arm-none-eabi/13.3.1/thumb/v7e-m+fp/hard\libgcc.a
LOAD C:/ST/STM32CubeIDE_1.18.1/STM32CubeIDE/plugins/com.st.stm32cube.ide.mcu.externaltools.gnu-tools-for-stm32.13.3.rel1.win32_1.0.0.202411081344/tools/bin/../lib/gcc/arm-none-eabi/13.3.1/../../../../arm-none-eabi/lib/thumb/v7e-m+fp/hard\libc_nano.a
LOAD C:/ST/STM32CubeIDE_1.18.1/STM32CubeIDE/plugins/com.st.stm32cube.ide.mcu.externaltools.gnu-tools-for-stm32.13.3.rel1.win32_1.0.0.202411081344/tools/bin/../lib/gcc/arm-none-eabi/13.3.1/../../../../arm-none-eabi/lib/thumb/v7e-m+fp/hard\libnosys.a
END GROUP
LOAD C:/ST/STM32CubeIDE_1.18.1/STM32CubeIDE/plugins/com.st.stm32cube.ide.mcu.externaltools.gnu-tools-for-stm32.13.3.rel1.win32_1.0.0.202411081344/tools/bin/../lib/gcc/arm-none-eabi/13.3.1/thumb/v7e-m+fp/hard/crtend.o
LOAD C:/ST/STM32CubeIDE_1.18.1/STM32CubeIDE/plugins/com.st.stm32cube.ide.mcu.externaltools.gnu-tools-for-stm32.13.3.rel1.win32_1.0.0.202411081344/tools/bin/../lib/gcc/arm-none-eabi/13.3.1/thumb/v7e-m+fp/hard/crtn.o
                0x20020000                        _estack = (ORIGIN (RAM) + LENGTH (RAM))
                0x00000200                        _Min_Heap_Size = 0x200
                0x00000400                        _Min_Stack_Size = 0x400

.isr_vector     0x08000000      0x198
                0x08000000                        . = ALIGN (0x4)
 *(.isr_vector)
 .isr_vector    0x08000000      0x198 ./Core/Startup/startup_stm32f411retx.o
                0x08000000                g_pfnVectors
                0x08000198                        . = ALIGN (0x4)

.text           0x080001a0     0x69e8
                0x080001a0                        . = ALIGN (0x4)
 *(.text)
 .text          0x080001a0       0x40 C:/ST/STM32CubeIDE_1.18.1/STM32CubeIDE/plugins/com.st.stm32cube.ide.mcu.externaltools.gnu-tools-for-stm32.13.3.rel1.win32_1.0.0.202411081344/tools/bin/../lib/gcc/arm-none-eabi/13.3.1/thumb/v7e-m+fp/hard/crtbegin.o
 .text          0x080001e0       0x10 C:/ST/STM32CubeIDE_1.18.1/STM32CubeIDE/plugins/com.st.stm32cube.ide.mcu.externaltools.gnu-tools-for-stm32.13.3.rel1.win32_1.0.0.202411081344/tools/bin/../lib/gcc/arm-none-eabi/13.3.1/../../../../arm-none-eabi/lib/thumb/v7e-m+fp/hard\libc_nano.a(libc_a-strlen.o)
                0x080001e0                strlen
 .text          0x080001f0       0xa0 C:/ST/STM32CubeIDE_1.18.1/STM32CubeIDE/plugins/com.st.stm32cube.ide.mcu.externaltools.gnu-tools-for-stm32.13.3.rel1.win32_1.0.0.202411081344/tools/bin/../lib/gcc/arm-none-eabi/13.3.1/../../../../arm-none-eabi/lib/thumb/v7e-m+fp/hard\libc_nano.a(libc_a-memchr.o)
                0x080001f0                memchr
 .text          0x08000290       0x30 C:/ST/STM32CubeIDE_1.18.1/STM32CubeIDE/plugins/com.st.stm32cube.ide.mcu.externaltools.gnu-tools-for-stm32.13.3.rel1.win32_1.0.0.202411081344/tools/bin/../lib/gcc/arm-none-eabi/13.3.1/thumb/v7e-m+fp/hard\libgcc.a(_aeabi_uldivmod.o)
                0x08000290                __aeabi_uldivmod
 .text          0x080002c0      0x2f8 C:/ST/STM32CubeIDE_1.18.1/STM32CubeIDE/plugins/com.st.stm32cube.ide.mcu.externaltools.gnu-tools-for-stm32.13.3.rel1.win32_1.0.0.202411081344/tools/bin/../lib/gcc/arm-none-eabi/13.3.1/thumb/v7e-m+fp/hard\libgcc.a(_udivmoddi4.o)
                0x080002c0                __udivmoddi4
 .text          0x080005b8        0x4 C:/ST/STM32CubeIDE_1.18.1/STM32CubeIDE/plugins/com.st.stm32cube.ide.mcu.externaltools.gnu-tools-for-stm32.13.3.rel1.win32_1.0.0.202411081344/tools/bin/../lib/gcc/arm-none-eabi/13.3.1/thumb/v7e-m+fp/hard\libgcc.a(_dvmd_tls.o)
                0x080005b8                __aeabi_idiv0
                0x080005b8                __aeabi_ldiv0
 *(.text*)
 .text.MX_GPIO_Init
                0x080005bc      0x168 ./Core/Src/gpio.o
                0x080005bc                MX_GPIO_Init
 .text.MX_I2C1_Init
                0x08000724       0x5c ./Core/Src/i2c.o
                0x08000724                MX_I2C1_Init
 .text.HAL_I2C_MspInit
                0x08000780       0x90 ./Core/Src/i2c.o
                0x08000780                HAL_I2C_MspInit
 .text.main     0x08000810       0x2e ./Core/Src/main.o
                0x08000810                main
 *fill*         0x0800083e        0x2 
 .text.SystemClock_Config
                0x08000840       0xd0 ./Core/Src/main.o
                0x08000840                SystemClock_Config
 .text.Error_Handler
                0x08000910        0xc ./Core/Src/main.o
                0x08000910                Error_Handler
 .text.HAL_MspInit
                0x0800091c       0x50 ./Core/Src/stm32f4xx_hal_msp.o
                0x0800091c                HAL_MspInit
 .text.NMI_Handler
                0x0800096c        0x8 ./Core/Src/stm32f4xx_it.o
                0x0800096c                NMI_Handler
 .text.HardFault_Handler
                0x08000974        0x8 ./Core/Src/stm32f4xx_it.o
                0x08000974                HardFault_Handler
 .text.MemManage_Handler
                0x0800097c        0x8 ./Core/Src/stm32f4xx_it.o
                0x0800097c                MemManage_Handler
 .text.BusFault_Handler
                0x08000984        0x8 ./Core/Src/stm32f4xx_it.o
                0x08000984                BusFault_Handler
 .text.UsageFault_Handler
                0x0800098c        0x8 ./Core/Src/stm32f4xx_it.o
                0x0800098c                UsageFault_Handler
 .text.SVC_Handler
                0x08000994        0xe ./Core/Src/stm32f4xx_it.o
                0x08000994                SVC_Handler
 .text.DebugMon_Handler
                0x080009a2        0xe ./Core/Src/stm32f4xx_it.o
                0x080009a2                DebugMon_Handler
 .text.PendSV_Handler
                0x080009b0        0xe ./Core/Src/stm32f4xx_it.o
                0x080009b0                PendSV_Handler
 .text.SysTick_Handler
                0x080009be        0xc ./Core/Src/stm32f4xx_it.o
                0x080009be                SysTick_Handler
 *fill*         0x080009ca        0x2 
 .text.TIM2_IRQHandler
                0x080009cc       0x14 ./Core/Src/stm32f4xx_it.o
                0x080009cc                TIM2_IRQHandler
 .text.USART2_IRQHandler
                0x080009e0       0x14 ./Core/Src/stm32f4xx_it.o
                0x080009e0                USART2_IRQHandler
 .text._sbrk    0x080009f4       0x6c ./Core/Src/sysmem.o
                0x080009f4                _sbrk
 .text.SystemInit
                0x08000a60       0x24 ./Core/Src/system_stm32f4xx.o
                0x08000a60                SystemInit
 .text.MX_TIM1_Init
                0x08000a84      0x144 ./Core/Src/tim.o
                0x08000a84                MX_TIM1_Init
 .text.MX_TIM2_Init
                0x08000bc8       0x98 ./Core/Src/tim.o
                0x08000bc8                MX_TIM2_Init
 .text.MX_TIM3_Init
                0x08000c60       0xf0 ./Core/Src/tim.o
                0x08000c60                MX_TIM3_Init
 .text.HAL_TIM_Base_MspInit
                0x08000d50       0xa4 ./Core/Src/tim.o
                0x08000d50                HAL_TIM_Base_MspInit
 .text.HAL_TIM_MspPostInit
                0x08000df4       0xc4 ./Core/Src/tim.o
                0x08000df4                HAL_TIM_MspPostInit
 .text.MX_USART2_UART_Init
                0x08000eb8       0x54 ./Core/Src/usart.o
                0x08000eb8                MX_USART2_UART_Init
 .text.HAL_UART_MspInit
                0x08000f0c       0xa0 ./Core/Src/usart.o
                0x08000f0c                HAL_UART_MspInit
 .text.Reset_Handler
                0x08000fac       0x50 ./Core/Startup/startup_stm32f411retx.o
                0x08000fac                Reset_Handler
 .text.Default_Handler
                0x08000ffc        0x2 ./Core/Startup/startup_stm32f411retx.o
                0x08000ffc                RTC_Alarm_IRQHandler
                0x08000ffc                EXTI2_IRQHandler
                0x08000ffc                SPI4_IRQHandler
                0x08000ffc                TIM1_CC_IRQHandler
                0x08000ffc                DMA2_Stream5_IRQHandler
                0x08000ffc                DMA1_Stream5_IRQHandler
                0x08000ffc                PVD_IRQHandler
                0x08000ffc                SDIO_IRQHandler
                0x08000ffc                TAMP_STAMP_IRQHandler
                0x08000ffc                EXTI3_IRQHandler
                0x08000ffc                TIM1_UP_TIM10_IRQHandler
                0x08000ffc                I2C3_ER_IRQHandler
                0x08000ffc                EXTI0_IRQHandler
                0x08000ffc                I2C2_EV_IRQHandler
                0x08000ffc                DMA1_Stream2_IRQHandler
                0x08000ffc                FPU_IRQHandler
                0x08000ffc                DMA2_Stream2_IRQHandler
                0x08000ffc                SPI1_IRQHandler
                0x08000ffc                TIM1_BRK_TIM9_IRQHandler
                0x08000ffc                DMA2_Stream3_IRQHandler
                0x08000ffc                USART6_IRQHandler
                0x08000ffc                DMA2_Stream0_IRQHandler
                0x08000ffc                TIM4_IRQHandler
                0x08000ffc                I2C1_EV_IRQHandler
                0x08000ffc                DMA1_Stream6_IRQHandler
                0x08000ffc                DMA1_Stream1_IRQHandler
                0x08000ffc                TIM3_IRQHandler
                0x08000ffc                RCC_IRQHandler
                0x08000ffc                Default_Handler
                0x08000ffc                EXTI15_10_IRQHandler
                0x08000ffc                ADC_IRQHandler
                0x08000ffc                DMA1_Stream7_IRQHandler
                0x08000ffc                SPI5_IRQHandler
                0x08000ffc                TIM5_IRQHandler
                0x08000ffc                DMA2_Stream7_IRQHandler
                0x08000ffc                I2C3_EV_IRQHandler
                0x08000ffc                EXTI9_5_IRQHandler
                0x08000ffc                RTC_WKUP_IRQHandler
                0x08000ffc                SPI2_IRQHandler
                0x08000ffc                DMA1_Stream0_IRQHandler
                0x08000ffc                EXTI4_IRQHandler
                0x08000ffc                WWDG_IRQHandler
                0x08000ffc                OTG_FS_WKUP_IRQHandler
                0x08000ffc                TIM1_TRG_COM_TIM11_IRQHandler
                0x08000ffc                EXTI1_IRQHandler
                0x08000ffc                I2C2_ER_IRQHandler
                0x08000ffc                DMA2_Stream1_IRQHandler
                0x08000ffc                FLASH_IRQHandler
                0x08000ffc                DMA2_Stream4_IRQHandler
                0x08000ffc                USART1_IRQHandler
                0x08000ffc                OTG_FS_IRQHandler
                0x08000ffc                SPI3_IRQHandler
                0x08000ffc                DMA1_Stream4_IRQHandler
                0x08000ffc                I2C1_ER_IRQHandler
                0x08000ffc                DMA2_Stream6_IRQHandler
                0x08000ffc                DMA1_Stream3_IRQHandler
 *fill*         0x08000ffe        0x2 
 .text.ctrl_LCD_DataSel
                0x08001000       0x64 ./Core/ap/src/Controller.o
                0x08001000                ctrl_LCD_DataSel
 .text.ctrl_FND_DataMode
                0x08001064       0x60 ./Core/ap/src/Controller.o
                0x08001064                ctrl_FND_DataMode
 .text.Controller_setEvent
                0x080010c4       0x20 ./Core/ap/src/Controller.o
                0x080010c4                Controller_setEvent
 .text.Controller_Excute
                0x080010e4       0x84 ./Core/ap/src/Controller.o
                0x080010e4                Controller_Excute
 .text.get_LcdData0
                0x08001168       0x28 ./Core/ap/src/Controller.o
                0x08001168                get_LcdData0
 .text.get_FndData
                0x08001190       0x20 ./Core/ap/src/Controller.o
                0x08001190                get_FndData
 .text.get_motorState
                0x080011b0       0x28 ./Core/ap/src/Controller.o
                0x080011b0                get_motorState
 .text.get_lightState
                0x080011d8       0x28 ./Core/ap/src/Controller.o
                0x080011d8                get_lightState
 .text.set_menu
                0x08001200       0x1c ./Core/ap/src/Controller.o
                0x08001200                set_menu
 .text.Listener_CheckButton
                0x0800121c       0x74 ./Core/ap/src/Listener.o
 .text.Listener_CheckUart
                0x08001290       0x74 ./Core/ap/src/Listener.o
 .text.Listener_CheckDHT11
                0x08001304       0x14 ./Core/ap/src/Listener.o
 .text.Listener_UartCallBack
                0x08001318       0x2c ./Core/ap/src/Listener.o
                0x08001318                Listener_UartCallBack
 .text.Listener_Init
                0x08001344       0x70 ./Core/ap/src/Listener.o
                0x08001344                Listener_Init
 .text.Listener_Excute
                0x080013b4       0x24 ./Core/ap/src/Listener.o
                0x080013b4                Listener_Excute
 .text.get_tem  0x080013d8       0x18 ./Core/ap/src/Listener.o
                0x080013d8                get_tem
 .text.get_hue  0x080013f0       0x18 ./Core/ap/src/Listener.o
                0x080013f0                get_hue
 .text.Listener_GetStoredDistance
                0x08001408       0x18 ./Core/ap/src/Listener.o
                0x08001408                Listener_GetStoredDistance
 .text.Presenter_DisTimeWatchFnd
                0x08001420       0x1e ./Core/ap/src/Presenter.o
                0x08001420                Presenter_DisTimeWatchFnd
 *fill*         0x0800143e        0x2 
 .text.Presenter_Excute
                0x08001440       0x74 ./Core/ap/src/Presenter.o
                0x08001440                Presenter_Excute
 .text.Presenter_Init
                0x080014b4       0x48 ./Core/ap/src/Presenter.o
                0x080014b4                Presenter_Init
 .text.TimeWatch_IncTimeCallBack
                0x080014fc       0x84 ./Core/ap/src/TimeWatch.o
                0x080014fc                TimeWatch_IncTimeCallBack
 .text.get_watch
                0x08001580       0x24 ./Core/ap/src/TimeWatch.o
                0x08001580                get_watch
 .text.HAL_TIM_PeriodElapsedCallback
                0x080015a4       0x26 ./Core/ap/src/ap_main.o
                0x080015a4                HAL_TIM_PeriodElapsedCallback
 *fill*         0x080015ca        0x2 
 .text.HAL_UART_RxCpltCallback
                0x080015cc       0x24 ./Core/ap/src/ap_main.o
                0x080015cc                HAL_UART_RxCpltCallback
 .text.ap_main  0x080015f0       0x20 ./Core/ap/src/ap_main.o
                0x080015f0                ap_main
 .text.ap_init  0x08001610       0x14 ./Core/ap/src/ap_main.o
                0x08001610                ap_init
 .text.Que_Init
                0x08001624       0x20 ./Core/ap/src/queue.o
                0x08001624                Que_Init
 .text.isQueFull
                0x08001644       0x36 ./Core/ap/src/queue.o
                0x08001644                isQueFull
 .text.isQueEmpty
                0x0800167a       0x26 ./Core/ap/src/queue.o
                0x0800167a                isQueEmpty
 .text.enQue    0x080016a0       0x46 ./Core/ap/src/queue.o
                0x080016a0                enQue
 .text.deQue    0x080016e6       0x4a ./Core/ap/src/queue.o
                0x080016e6                deQue
 .text.Sound_BeepDelay
                0x08001730       0x26 ./Core/ap/src/sound.o
                0x08001730                Sound_BeepDelay
 *fill*         0x08001756        0x2 
 .text.Sound_Init
                0x08001758       0x14 ./Core/ap/src/sound.o
                0x08001758                Sound_Init
 .text.Sound_Power_On
                0x0800176c       0x30 ./Core/ap/src/sound.o
                0x0800176c                Sound_Power_On
 .text.Button_Init
                0x0800179c       0x2c ./Core/driver/Button/Button.o
                0x0800179c                Button_Init
 .text.Button_GetState
                0x080017c8       0x62 ./Core/driver/Button/Button.o
                0x080017c8                Button_GetState
 *fill*         0x0800182a        0x2 
 .text.delay_us
                0x0800182c       0x4c ./Core/driver/DHT11/DHT11.o
 .text.DWT_Init
                0x08001878       0x30 ./Core/driver/DHT11/DHT11.o
 .text.DHT11_init
                0x080018a8       0x72 ./Core/driver/DHT11/DHT11.o
                0x080018a8                DHT11_init
 .text.DHT11_read
                0x0800191a      0x242 ./Core/driver/DHT11/DHT11.o
                0x0800191a                DHT11_read
 .text.FND_WriteDp
                0x08001b5c       0x50 ./Core/driver/FND/FND.o
                0x08001b5c                FND_WriteDp
 .text.FND_WriteData
                0x08001bac       0x20 ./Core/driver/FND/FND.o
                0x08001bac                FND_WriteData
 .text.FND_DispDataCallBack
                0x08001bcc      0x220 ./Core/driver/FND/FND.o
                0x08001bcc                FND_DispDataCallBack
 .text.FND_DispOn
                0x08001dec       0x30 ./Core/driver/FND/FND.o
 .text.FND_DispOffALL
                0x08001e1c       0x44 ./Core/driver/FND/FND.o
 .text.FND_DispDigit
                0x08001e60       0x90 ./Core/driver/FND/FND.o
 .text.LCD_Init
                0x08001ef0       0x70 ./Core/driver/LCD/lcd.o
                0x08001ef0                LCD_Init
 .text.LCD_sendI2C
                0x08001f60       0x2c ./Core/driver/LCD/lcd.o
                0x08001f60                LCD_sendI2C
 .text.LCD_backLightOn
                0x08001f8c       0x20 ./Core/driver/LCD/lcd.o
                0x08001f8c                LCD_backLightOn
 .text.LCD_cmdMode
                0x08001fac       0x24 ./Core/driver/LCD/lcd.o
 .text.LCD_charMode
                0x08001fd0       0x24 ./Core/driver/LCD/lcd.o
 .text.LCD_writeMode
                0x08001ff4       0x24 ./Core/driver/LCD/lcd.o
 .text.LCD_E_High
                0x08002018       0x24 ./Core/driver/LCD/lcd.o
 .text.LCD_E_Low
                0x0800203c       0x24 ./Core/driver/LCD/lcd.o
 .text.LCD_sendNibbleData
                0x08002060       0x48 ./Core/driver/LCD/lcd.o
 .text.LCD_sendData
                0x080020a8       0x28 ./Core/driver/LCD/lcd.o
 .text.LCD_writeCmdData
                0x080020d0       0x22 ./Core/driver/LCD/lcd.o
 .text.LCD_writeCharData
                0x080020f2       0x22 ./Core/driver/LCD/lcd.o
                0x080020f2                LCD_writeCharData
 .text.LCD_writeString
                0x08002114       0x38 ./Core/driver/LCD/lcd.o
                0x08002114                LCD_writeString
 .text.LCD_gotoXY
                0x0800214c       0x42 ./Core/driver/LCD/lcd.o
                0x0800214c                LCD_gotoXY
 .text.LCD_writeStringXY
                0x0800218e       0x2a ./Core/driver/LCD/lcd.o
                0x0800218e                LCD_writeStringXY
 .text.Light_init
                0x080021b8       0x22 ./Core/driver/Light/light.o
                0x080021b8                Light_init
 .text.Light_ctrl
                0x080021da       0x3e ./Core/driver/Light/light.o
                0x080021da                Light_ctrl
 .text.Buzzer_Init
                0x08002218       0x2c ./Core/driver/buzzer/buzzer.o
                0x08002218                Buzzer_Init
 .text.Buzzer_SetFreq
                0x08002244       0xc8 ./Core/driver/buzzer/buzzer.o
                0x08002244                Buzzer_SetFreq
 .text.Buzzer_Start
                0x0800230c       0x20 ./Core/driver/buzzer/buzzer.o
                0x0800230c                Buzzer_Start
 .text.Buzzer_Stop
                0x0800232c       0x20 ./Core/driver/buzzer/buzzer.o
                0x0800232c                Buzzer_Stop
 .text.Debug_SendMessage
                0x0800234c       0x2c ./Core/driver/hypersonic/distance.o
 .text.Distance_Init
                0x08002378       0x88 ./Core/driver/hypersonic/distance.o
                0x08002378                Distance_Init
 .text.Distance_GetValue
                0x08002400       0x18 ./Core/driver/hypersonic/distance.o
                0x08002400                Distance_GetValue
 .text.Distance_TimerCallback
                0x08002418      0x118 ./Core/driver/hypersonic/distance.o
                0x08002418                Distance_TimerCallback
 .text.Motor_Init
                0x08002530       0x2c ./Core/driver/motor/motor.o
                0x08002530                Motor_Init
 .text.Motor_SetDuty
                0x0800255c       0x90 ./Core/driver/motor/motor.o
                0x0800255c                Motor_SetDuty
 .text.Motor_Start
                0x080025ec       0x20 ./Core/driver/motor/motor.o
                0x080025ec                Motor_Start
 .text.Motor_Stop
                0x0800260c       0x20 ./Core/driver/motor/motor.o
                0x0800260c                Motor_Stop
 .text.HAL_Init
                0x0800262c       0x44 ./Drivers/STM32F4xx_HAL_Driver/Src/stm32f4xx_hal.o
                0x0800262c                HAL_Init
 .text.HAL_InitTick
                0x08002670       0x60 ./Drivers/STM32F4xx_HAL_Driver/Src/stm32f4xx_hal.o
                0x08002670                HAL_InitTick
 .text.HAL_IncTick
                0x080026d0       0x28 ./Drivers/STM32F4xx_HAL_Driver/Src/stm32f4xx_hal.o
                0x080026d0                HAL_IncTick
 .text.HAL_GetTick
                0x080026f8       0x18 ./Drivers/STM32F4xx_HAL_Driver/Src/stm32f4xx_hal.o
                0x080026f8                HAL_GetTick
 .text.HAL_Delay
                0x08002710       0x48 ./Drivers/STM32F4xx_HAL_Driver/Src/stm32f4xx_hal.o
                0x08002710                HAL_Delay
 .text.__NVIC_SetPriorityGrouping
                0x08002758       0x48 ./Drivers/STM32F4xx_HAL_Driver/Src/stm32f4xx_hal_cortex.o
 .text.__NVIC_GetPriorityGrouping
                0x080027a0       0x1c ./Drivers/STM32F4xx_HAL_Driver/Src/stm32f4xx_hal_cortex.o
 .text.__NVIC_EnableIRQ
                0x080027bc       0x3c ./Drivers/STM32F4xx_HAL_Driver/Src/stm32f4xx_hal_cortex.o
 .text.__NVIC_SetPriority
                0x080027f8       0x54 ./Drivers/STM32F4xx_HAL_Driver/Src/stm32f4xx_hal_cortex.o
 .text.NVIC_EncodePriority
                0x0800284c       0x66 ./Drivers/STM32F4xx_HAL_Driver/Src/stm32f4xx_hal_cortex.o
 *fill*         0x080028b2        0x2 
 .text.SysTick_Config
                0x080028b4       0x44 ./Drivers/STM32F4xx_HAL_Driver/Src/stm32f4xx_hal_cortex.o
 .text.HAL_NVIC_SetPriorityGrouping
                0x080028f8       0x16 ./Drivers/STM32F4xx_HAL_Driver/Src/stm32f4xx_hal_cortex.o
                0x080028f8                HAL_NVIC_SetPriorityGrouping
 .text.HAL_NVIC_SetPriority
                0x0800290e       0x38 ./Drivers/STM32F4xx_HAL_Driver/Src/stm32f4xx_hal_cortex.o
                0x0800290e                HAL_NVIC_SetPriority
 .text.HAL_NVIC_EnableIRQ
                0x08002946       0x1c ./Drivers/STM32F4xx_HAL_Driver/Src/stm32f4xx_hal_cortex.o
                0x08002946                HAL_NVIC_EnableIRQ
 .text.HAL_SYSTICK_Config
                0x08002962       0x18 ./Drivers/STM32F4xx_HAL_Driver/Src/stm32f4xx_hal_cortex.o
                0x08002962                HAL_SYSTICK_Config
 .text.HAL_DMA_Abort
                0x0800297a       0xe0 ./Drivers/STM32F4xx_HAL_Driver/Src/stm32f4xx_hal_dma.o
                0x0800297a                HAL_DMA_Abort
 .text.HAL_DMA_Abort_IT
                0x08002a5a       0x44 ./Drivers/STM32F4xx_HAL_Driver/Src/stm32f4xx_hal_dma.o
                0x08002a5a                HAL_DMA_Abort_IT
 *fill*         0x08002a9e        0x2 
 .text.HAL_GPIO_Init
                0x08002aa0      0x308 ./Drivers/STM32F4xx_HAL_Driver/Src/stm32f4xx_hal_gpio.o
                0x08002aa0                HAL_GPIO_Init
 .text.HAL_GPIO_ReadPin
                0x08002da8       0x30 ./Drivers/STM32F4xx_HAL_Driver/Src/stm32f4xx_hal_gpio.o
                0x08002da8                HAL_GPIO_ReadPin
 .text.HAL_GPIO_WritePin
                0x08002dd8       0x32 ./Drivers/STM32F4xx_HAL_Driver/Src/stm32f4xx_hal_gpio.o
                0x08002dd8                HAL_GPIO_WritePin
 *fill*         0x08002e0a        0x2 
 .text.HAL_I2C_Init
                0x08002e0c      0x288 ./Drivers/STM32F4xx_HAL_Driver/Src/stm32f4xx_hal_i2c.o
                0x08002e0c                HAL_I2C_Init
 .text.HAL_I2C_Master_Transmit
                0x08003094      0x1fc ./Drivers/STM32F4xx_HAL_Driver/Src/stm32f4xx_hal_i2c.o
                0x08003094                HAL_I2C_Master_Transmit
 .text.I2C_MasterRequestWrite
                0x08003290      0x104 ./Drivers/STM32F4xx_HAL_Driver/Src/stm32f4xx_hal_i2c.o
 .text.I2C_WaitOnFlagUntilTimeout
                0x08003394       0xf4 ./Drivers/STM32F4xx_HAL_Driver/Src/stm32f4xx_hal_i2c.o
 .text.I2C_WaitOnMasterAddressFlagUntilTimeout
                0x08003488      0x140 ./Drivers/STM32F4xx_HAL_Driver/Src/stm32f4xx_hal_i2c.o
 .text.I2C_WaitOnTXEFlagUntilTimeout
                0x080035c8       0x90 ./Drivers/STM32F4xx_HAL_Driver/Src/stm32f4xx_hal_i2c.o
 .text.I2C_WaitOnBTFFlagUntilTimeout
                0x08003658       0x90 ./Drivers/STM32F4xx_HAL_Driver/Src/stm32f4xx_hal_i2c.o
 .text.I2C_IsAcknowledgeFailed
                0x080036e8       0x5e ./Drivers/STM32F4xx_HAL_Driver/Src/stm32f4xx_hal_i2c.o
 *fill*         0x08003746        0x2 
 .text.HAL_RCC_OscConfig
                0x08003748      0x4f0 ./Drivers/STM32F4xx_HAL_Driver/Src/stm32f4xx_hal_rcc.o
                0x08003748                HAL_RCC_OscConfig
 .text.HAL_RCC_ClockConfig
                0x08003c38      0x1cc ./Drivers/STM32F4xx_HAL_Driver/Src/stm32f4xx_hal_rcc.o
                0x08003c38                HAL_RCC_ClockConfig
 .text.HAL_RCC_GetSysClockFreq
                0x08003e04      0x20c ./Drivers/STM32F4xx_HAL_Driver/Src/stm32f4xx_hal_rcc.o
                0x08003e04                HAL_RCC_GetSysClockFreq
 .text.HAL_RCC_GetHCLKFreq
                0x08004010       0x18 ./Drivers/STM32F4xx_HAL_Driver/Src/stm32f4xx_hal_rcc.o
                0x08004010                HAL_RCC_GetHCLKFreq
 .text.HAL_RCC_GetPCLK1Freq
                0x08004028       0x28 ./Drivers/STM32F4xx_HAL_Driver/Src/stm32f4xx_hal_rcc.o
                0x08004028                HAL_RCC_GetPCLK1Freq
 .text.HAL_RCC_GetPCLK2Freq
                0x08004050       0x28 ./Drivers/STM32F4xx_HAL_Driver/Src/stm32f4xx_hal_rcc.o
                0x08004050                HAL_RCC_GetPCLK2Freq
 .text.HAL_TIM_Base_Init
                0x08004078       0x9e ./Drivers/STM32F4xx_HAL_Driver/Src/stm32f4xx_hal_tim.o
                0x08004078                HAL_TIM_Base_Init
 *fill*         0x08004116        0x2 
 .text.HAL_TIM_Base_Start_IT
                0x08004118       0xc4 ./Drivers/STM32F4xx_HAL_Driver/Src/stm32f4xx_hal_tim.o
                0x08004118                HAL_TIM_Base_Start_IT
 .text.HAL_TIM_PWM_Init
                0x080041dc       0x9e ./Drivers/STM32F4xx_HAL_Driver/Src/stm32f4xx_hal_tim.o
                0x080041dc                HAL_TIM_PWM_Init
 .text.HAL_TIM_PWM_MspInit
                0x0800427a       0x14 ./Drivers/STM32F4xx_HAL_Driver/Src/stm32f4xx_hal_tim.o
                0x0800427a                HAL_TIM_PWM_MspInit
 *fill*         0x0800428e        0x2 
 .text.HAL_TIM_PWM_Start
                0x08004290      0x160 ./Drivers/STM32F4xx_HAL_Driver/Src/stm32f4xx_hal_tim.o
                0x08004290                HAL_TIM_PWM_Start
 .text.HAL_TIM_PWM_Stop
                0x080043f0       0xc8 ./Drivers/STM32F4xx_HAL_Driver/Src/stm32f4xx_hal_tim.o
                0x080043f0                HAL_TIM_PWM_Stop
 .text.HAL_TIM_IRQHandler
                0x080044b8      0x1e0 ./Drivers/STM32F4xx_HAL_Driver/Src/stm32f4xx_hal_tim.o
                0x080044b8                HAL_TIM_IRQHandler
 .text.HAL_TIM_PWM_ConfigChannel
                0x08004698      0x184 ./Drivers/STM32F4xx_HAL_Driver/Src/stm32f4xx_hal_tim.o
                0x08004698                HAL_TIM_PWM_ConfigChannel
 .text.HAL_TIM_ConfigClockSource
                0x0800481c      0x18e ./Drivers/STM32F4xx_HAL_Driver/Src/stm32f4xx_hal_tim.o
                0x0800481c                HAL_TIM_ConfigClockSource
 .text.HAL_TIM_OC_DelayElapsedCallback
                0x080049aa       0x14 ./Drivers/STM32F4xx_HAL_Driver/Src/stm32f4xx_hal_tim.o
                0x080049aa                HAL_TIM_OC_DelayElapsedCallback
 .text.HAL_TIM_IC_CaptureCallback
                0x080049be       0x14 ./Drivers/STM32F4xx_HAL_Driver/Src/stm32f4xx_hal_tim.o
                0x080049be                HAL_TIM_IC_CaptureCallback
 .text.HAL_TIM_PWM_PulseFinishedCallback
                0x080049d2       0x14 ./Drivers/STM32F4xx_HAL_Driver/Src/stm32f4xx_hal_tim.o
                0x080049d2                HAL_TIM_PWM_PulseFinishedCallback
 .text.HAL_TIM_TriggerCallback
                0x080049e6       0x14 ./Drivers/STM32F4xx_HAL_Driver/Src/stm32f4xx_hal_tim.o
                0x080049e6                HAL_TIM_TriggerCallback
 *fill*         0x080049fa        0x2 
 .text.TIM_Base_SetConfig
                0x080049fc      0x10c ./Drivers/STM32F4xx_HAL_Driver/Src/stm32f4xx_hal_tim.o
                0x080049fc                TIM_Base_SetConfig
 .text.TIM_OC1_SetConfig
                0x08004b08       0xcc ./Drivers/STM32F4xx_HAL_Driver/Src/stm32f4xx_hal_tim.o
 .text.TIM_OC2_SetConfig
                0x08004bd4       0xd8 ./Drivers/STM32F4xx_HAL_Driver/Src/stm32f4xx_hal_tim.o
                0x08004bd4                TIM_OC2_SetConfig
 .text.TIM_OC3_SetConfig
                0x08004cac       0xd4 ./Drivers/STM32F4xx_HAL_Driver/Src/stm32f4xx_hal_tim.o
 .text.TIM_OC4_SetConfig
                0x08004d80       0xa0 ./Drivers/STM32F4xx_HAL_Driver/Src/stm32f4xx_hal_tim.o
 .text.TIM_TI1_ConfigInputStage
                0x08004e20       0x5e ./Drivers/STM32F4xx_HAL_Driver/Src/stm32f4xx_hal_tim.o
 .text.TIM_TI2_ConfigInputStage
                0x08004e7e       0x60 ./Drivers/STM32F4xx_HAL_Driver/Src/stm32f4xx_hal_tim.o
 .text.TIM_ITRx_SetConfig
                0x08004ede       0x36 ./Drivers/STM32F4xx_HAL_Driver/Src/stm32f4xx_hal_tim.o
 .text.TIM_ETR_SetConfig
                0x08004f14       0x40 ./Drivers/STM32F4xx_HAL_Driver/Src/stm32f4xx_hal_tim.o
                0x08004f14                TIM_ETR_SetConfig
 .text.TIM_CCxChannelCmd
                0x08004f54       0x4a ./Drivers/STM32F4xx_HAL_Driver/Src/stm32f4xx_hal_tim.o
                0x08004f54                TIM_CCxChannelCmd
 *fill*         0x08004f9e        0x2 
 .text.HAL_TIMEx_MasterConfigSynchronization
                0x08004fa0       0xdc ./Drivers/STM32F4xx_HAL_Driver/Src/stm32f4xx_hal_tim_ex.o
                0x08004fa0                HAL_TIMEx_MasterConfigSynchronization
 .text.HAL_TIMEx_ConfigBreakDeadTime
                0x0800507c       0xa4 ./Drivers/STM32F4xx_HAL_Driver/Src/stm32f4xx_hal_tim_ex.o
                0x0800507c                HAL_TIMEx_ConfigBreakDeadTime
 .text.HAL_TIMEx_CommutCallback
                0x08005120       0x14 ./Drivers/STM32F4xx_HAL_Driver/Src/stm32f4xx_hal_tim_ex.o
                0x08005120                HAL_TIMEx_CommutCallback
 .text.HAL_TIMEx_BreakCallback
                0x08005134       0x14 ./Drivers/STM32F4xx_HAL_Driver/Src/stm32f4xx_hal_tim_ex.o
                0x08005134                HAL_TIMEx_BreakCallback
 .text.HAL_UART_Init
                0x08005148       0xa0 ./Drivers/STM32F4xx_HAL_Driver/Src/stm32f4xx_hal_uart.o
                0x08005148                HAL_UART_Init
 .text.HAL_UART_Transmit
                0x080051e8      0x116 ./Drivers/STM32F4xx_HAL_Driver/Src/stm32f4xx_hal_uart.o
                0x080051e8                HAL_UART_Transmit
 .text.HAL_UART_Receive_IT
                0x080052fe       0x4a ./Drivers/STM32F4xx_HAL_Driver/Src/stm32f4xx_hal_uart.o
                0x080052fe                HAL_UART_Receive_IT
 .text.HAL_UART_IRQHandler
                0x08005348      0x554 ./Drivers/STM32F4xx_HAL_Driver/Src/stm32f4xx_hal_uart.o
                0x08005348                HAL_UART_IRQHandler
 .text.HAL_UART_TxCpltCallback
                0x0800589c       0x14 ./Drivers/STM32F4xx_HAL_Driver/Src/stm32f4xx_hal_uart.o
                0x0800589c                HAL_UART_TxCpltCallback
 .text.HAL_UART_ErrorCallback
                0x080058b0       0x14 ./Drivers/STM32F4xx_HAL_Driver/Src/stm32f4xx_hal_uart.o
                0x080058b0                HAL_UART_ErrorCallback
 .text.HAL_UARTEx_RxEventCallback
                0x080058c4       0x18 ./Drivers/STM32F4xx_HAL_Driver/Src/stm32f4xx_hal_uart.o
                0x080058c4                HAL_UARTEx_RxEventCallback
 .text.UART_WaitOnFlagUntilTimeout
                0x080058dc       0xb2 ./Drivers/STM32F4xx_HAL_Driver/Src/stm32f4xx_hal_uart.o
 .text.UART_Start_Receive_IT
                0x0800598e       0x74 ./Drivers/STM32F4xx_HAL_Driver/Src/stm32f4xx_hal_uart.o
                0x0800598e                UART_Start_Receive_IT
 .text.UART_EndRxTransfer
                0x08005a02       0xc6 ./Drivers/STM32F4xx_HAL_Driver/Src/stm32f4xx_hal_uart.o
 .text.UART_DMAAbortOnError
                0x08005ac8       0x22 ./Drivers/STM32F4xx_HAL_Driver/Src/stm32f4xx_hal_uart.o
 .text.UART_Transmit_IT
                0x08005aea       0xa0 ./Drivers/STM32F4xx_HAL_Driver/Src/stm32f4xx_hal_uart.o
 .text.UART_EndTransmit_IT
                0x08005b8a       0x30 ./Drivers/STM32F4xx_HAL_Driver/Src/stm32f4xx_hal_uart.o
 .text.UART_Receive_IT
                0x08005bba      0x17c ./Drivers/STM32F4xx_HAL_Driver/Src/stm32f4xx_hal_uart.o
 *fill*         0x08005d36        0x2 
 .text.UART_SetConfig
                0x08005d38      0x4e8 ./Drivers/STM32F4xx_HAL_Driver/Src/stm32f4xx_hal_uart.o
 .text.sprintf  0x08006220       0x44 C:/ST/STM32CubeIDE_1.18.1/STM32CubeIDE/plugins/com.st.stm32cube.ide.mcu.externaltools.gnu-tools-for-stm32.13.3.rel1.win32_1.0.0.202411081344/tools/bin/../lib/gcc/arm-none-eabi/13.3.1/../../../../arm-none-eabi/lib/thumb/v7e-m+fp/hard\libc_nano.a(libc_a-sprintf.o)
                0x08006220                siprintf
                0x08006220                sprintf
 .text.memset   0x08006264       0x10 C:/ST/STM32CubeIDE_1.18.1/STM32CubeIDE/plugins/com.st.stm32cube.ide.mcu.externaltools.gnu-tools-for-stm32.13.3.rel1.win32_1.0.0.202411081344/tools/bin/../lib/gcc/arm-none-eabi/13.3.1/../../../../arm-none-eabi/lib/thumb/v7e-m+fp/hard\libc_nano.a(libc_a-memset.o)
                0x08006264                memset
 .text.__errno  0x08006274        0xc C:/ST/STM32CubeIDE_1.18.1/STM32CubeIDE/plugins/com.st.stm32cube.ide.mcu.externaltools.gnu-tools-for-stm32.13.3.rel1.win32_1.0.0.202411081344/tools/bin/../lib/gcc/arm-none-eabi/13.3.1/../../../../arm-none-eabi/lib/thumb/v7e-m+fp/hard\libc_nano.a(libc_a-errno.o)
                0x08006274                __errno
 .text.__libc_init_array
                0x08006280       0x48 C:/ST/STM32CubeIDE_1.18.1/STM32CubeIDE/plugins/com.st.stm32cube.ide.mcu.externaltools.gnu-tools-for-stm32.13.3.rel1.win32_1.0.0.202411081344/tools/bin/../lib/gcc/arm-none-eabi/13.3.1/../../../../arm-none-eabi/lib/thumb/v7e-m+fp/hard\libc_nano.a(libc_a-init.o)
                0x08006280                __libc_init_array
 .text.__retarget_lock_acquire_recursive
                0x080062c8        0x2 C:/ST/STM32CubeIDE_1.18.1/STM32CubeIDE/plugins/com.st.stm32cube.ide.mcu.externaltools.gnu-tools-for-stm32.13.3.rel1.win32_1.0.0.202411081344/tools/bin/../lib/gcc/arm-none-eabi/13.3.1/../../../../arm-none-eabi/lib/thumb/v7e-m+fp/hard\libc_nano.a(libc_a-lock.o)
                0x080062c8                __retarget_lock_acquire_recursive
 .text.__retarget_lock_release_recursive
                0x080062ca        0x2 C:/ST/STM32CubeIDE_1.18.1/STM32CubeIDE/plugins/com.st.stm32cube.ide.mcu.externaltools.gnu-tools-for-stm32.13.3.rel1.win32_1.0.0.202411081344/tools/bin/../lib/gcc/arm-none-eabi/13.3.1/../../../../arm-none-eabi/lib/thumb/v7e-m+fp/hard\libc_nano.a(libc_a-lock.o)
                0x080062ca                __retarget_lock_release_recursive
 .text.strcpy   0x080062cc       0x10 C:/ST/STM32CubeIDE_1.18.1/STM32CubeIDE/plugins/com.st.stm32cube.ide.mcu.externaltools.gnu-tools-for-stm32.13.3.rel1.win32_1.0.0.202411081344/tools/bin/../lib/gcc/arm-none-eabi/13.3.1/../../../../arm-none-eabi/lib/thumb/v7e-m+fp/hard\libc_nano.a(libc_a-strcpy.o)
                0x080062cc                strcpy
 .text._free_r  0x080062dc       0x94 C:/ST/STM32CubeIDE_1.18.1/STM32CubeIDE/plugins/com.st.stm32cube.ide.mcu.externaltools.gnu-tools-for-stm32.13.3.rel1.win32_1.0.0.202411081344/tools/bin/../lib/gcc/arm-none-eabi/13.3.1/../../../../arm-none-eabi/lib/thumb/v7e-m+fp/hard\libc_nano.a(libc_a-freer.o)
                0x080062dc                _free_r
 .text.sbrk_aligned
                0x08006370       0x44 C:/ST/STM32CubeIDE_1.18.1/STM32CubeIDE/plugins/com.st.stm32cube.ide.mcu.externaltools.gnu-tools-for-stm32.13.3.rel1.win32_1.0.0.202411081344/tools/bin/../lib/gcc/arm-none-eabi/13.3.1/../../../../arm-none-eabi/lib/thumb/v7e-m+fp/hard\libc_nano.a(libc_a-mallocr.o)
 .text._malloc_r
                0x080063b4      0x100 C:/ST/STM32CubeIDE_1.18.1/STM32CubeIDE/plugins/com.st.stm32cube.ide.mcu.externaltools.gnu-tools-for-stm32.13.3.rel1.win32_1.0.0.202411081344/tools/bin/../lib/gcc/arm-none-eabi/13.3.1/../../../../arm-none-eabi/lib/thumb/v7e-m+fp/hard\libc_nano.a(libc_a-mallocr.o)
                0x080063b4                _malloc_r
 .text.__malloc_lock
                0x080064b4        0xc C:/ST/STM32CubeIDE_1.18.1/STM32CubeIDE/plugins/com.st.stm32cube.ide.mcu.externaltools.gnu-tools-for-stm32.13.3.rel1.win32_1.0.0.202411081344/tools/bin/../lib/gcc/arm-none-eabi/13.3.1/../../../../arm-none-eabi/lib/thumb/v7e-m+fp/hard\libc_nano.a(libc_a-mlock.o)
                0x080064b4                __malloc_lock
 .text.__malloc_unlock
                0x080064c0        0xc C:/ST/STM32CubeIDE_1.18.1/STM32CubeIDE/plugins/com.st.stm32cube.ide.mcu.externaltools.gnu-tools-for-stm32.13.3.rel1.win32_1.0.0.202411081344/tools/bin/../lib/gcc/arm-none-eabi/13.3.1/../../../../arm-none-eabi/lib/thumb/v7e-m+fp/hard\libc_nano.a(libc_a-mlock.o)
                0x080064c0                __malloc_unlock
 .text.__ssputs_r
                0x080064cc       0xb6 C:/ST/STM32CubeIDE_1.18.1/STM32CubeIDE/plugins/com.st.stm32cube.ide.mcu.externaltools.gnu-tools-for-stm32.13.3.rel1.win32_1.0.0.202411081344/tools/bin/../lib/gcc/arm-none-eabi/13.3.1/../../../../arm-none-eabi/lib/thumb/v7e-m+fp/hard\libc_nano.a(libc_a-nano-svfprintf.o)
                0x080064cc                __ssputs_r
 *fill*         0x08006582        0x2 
 .text._svfprintf_r
                0x08006584      0x1f8 C:/ST/STM32CubeIDE_1.18.1/STM32CubeIDE/plugins/com.st.stm32cube.ide.mcu.externaltools.gnu-tools-for-stm32.13.3.rel1.win32_1.0.0.202411081344/tools/bin/../lib/gcc/arm-none-eabi/13.3.1/../../../../arm-none-eabi/lib/thumb/v7e-m+fp/hard\libc_nano.a(libc_a-nano-svfprintf.o)
                0x08006584                _svfiprintf_r
                0x08006584                _svfprintf_r
 .text._printf_common
                0x0800677c       0xda C:/ST/STM32CubeIDE_1.18.1/STM32CubeIDE/plugins/com.st.stm32cube.ide.mcu.externaltools.gnu-tools-for-stm32.13.3.rel1.win32_1.0.0.202411081344/tools/bin/../lib/gcc/arm-none-eabi/13.3.1/../../../../arm-none-eabi/lib/thumb/v7e-m+fp/hard\libc_nano.a(libc_a-nano-vfprintf_i.o)
                0x0800677c                _printf_common
 *fill*         0x08006856        0x2 
 .text._printf_i
                0x08006858      0x23c C:/ST/STM32CubeIDE_1.18.1/STM32CubeIDE/plugins/com.st.stm32cube.ide.mcu.externaltools.gnu-tools-for-stm32.13.3.rel1.win32_1.0.0.202411081344/tools/bin/../lib/gcc/arm-none-eabi/13.3.1/../../../../arm-none-eabi/lib/thumb/v7e-m+fp/hard\libc_nano.a(libc_a-nano-vfprintf_i.o)
                0x08006858                _printf_i
 .text.memmove  0x08006a94       0x34 C:/ST/STM32CubeIDE_1.18.1/STM32CubeIDE/plugins/com.st.stm32cube.ide.mcu.externaltools.gnu-tools-for-stm32.13.3.rel1.win32_1.0.0.202411081344/tools/bin/../lib/gcc/arm-none-eabi/13.3.1/../../../../arm-none-eabi/lib/thumb/v7e-m+fp/hard\libc_nano.a(libc_a-memmove.o)
                0x08006a94                memmove
 .text._sbrk_r  0x08006ac8       0x20 C:/ST/STM32CubeIDE_1.18.1/STM32CubeIDE/plugins/com.st.stm32cube.ide.mcu.externaltools.gnu-tools-for-stm32.13.3.rel1.win32_1.0.0.202411081344/tools/bin/../lib/gcc/arm-none-eabi/13.3.1/../../../../arm-none-eabi/lib/thumb/v7e-m+fp/hard\libc_nano.a(libc_a-sbrkr.o)
                0x08006ac8                _sbrk_r
 .text.memcpy   0x08006ae8       0x1c C:/ST/STM32CubeIDE_1.18.1/STM32CubeIDE/plugins/com.st.stm32cube.ide.mcu.externaltools.gnu-tools-for-stm32.13.3.rel1.win32_1.0.0.202411081344/tools/bin/../lib/gcc/arm-none-eabi/13.3.1/../../../../arm-none-eabi/lib/thumb/v7e-m+fp/hard\libc_nano.a(libc_a-memcpy-stub.o)
                0x08006ae8                memcpy
 .text._realloc_r
                0x08006b04       0x5c C:/ST/STM32CubeIDE_1.18.1/STM32CubeIDE/plugins/com.st.stm32cube.ide.mcu.externaltools.gnu-tools-for-stm32.13.3.rel1.win32_1.0.0.202411081344/tools/bin/../lib/gcc/arm-none-eabi/13.3.1/../../../../arm-none-eabi/lib/thumb/v7e-m+fp/hard\libc_nano.a(libc_a-reallocr.o)
                0x08006b04                _realloc_r
 .text._malloc_usable_size_r
                0x08006b60       0x10 C:/ST/STM32CubeIDE_1.18.1/STM32CubeIDE/plugins/com.st.stm32cube.ide.mcu.externaltools.gnu-tools-for-stm32.13.3.rel1.win32_1.0.0.202411081344/tools/bin/../lib/gcc/arm-none-eabi/13.3.1/../../../../arm-none-eabi/lib/thumb/v7e-m+fp/hard\libc_nano.a(libc_a-msizer.o)
                0x08006b60                _malloc_usable_size_r
 *(.glue_7)
 .glue_7        0x08006b70        0x0 linker stubs
 *(.glue_7t)
 .glue_7t       0x08006b70        0x0 linker stubs
 *(.eh_frame)
 .eh_frame      0x08006b70        0x0 C:/ST/STM32CubeIDE_1.18.1/STM32CubeIDE/plugins/com.st.stm32cube.ide.mcu.externaltools.gnu-tools-for-stm32.13.3.rel1.win32_1.0.0.202411081344/tools/bin/../lib/gcc/arm-none-eabi/13.3.1/thumb/v7e-m+fp/hard/crtbegin.o
 *(.init)
 .init          0x08006b70        0x4 C:/ST/STM32CubeIDE_1.18.1/STM32CubeIDE/plugins/com.st.stm32cube.ide.mcu.externaltools.gnu-tools-for-stm32.13.3.rel1.win32_1.0.0.202411081344/tools/bin/../lib/gcc/arm-none-eabi/13.3.1/thumb/v7e-m+fp/hard/crti.o
                0x08006b70                _init
 .init          0x08006b74        0x8 C:/ST/STM32CubeIDE_1.18.1/STM32CubeIDE/plugins/com.st.stm32cube.ide.mcu.externaltools.gnu-tools-for-stm32.13.3.rel1.win32_1.0.0.202411081344/tools/bin/../lib/gcc/arm-none-eabi/13.3.1/thumb/v7e-m+fp/hard/crtn.o
 *(.fini)
 .fini          0x08006b7c        0x4 C:/ST/STM32CubeIDE_1.18.1/STM32CubeIDE/plugins/com.st.stm32cube.ide.mcu.externaltools.gnu-tools-for-stm32.13.3.rel1.win32_1.0.0.202411081344/tools/bin/../lib/gcc/arm-none-eabi/13.3.1/thumb/v7e-m+fp/hard/crti.o
                0x08006b7c                _fini
 .fini          0x08006b80        0x8 C:/ST/STM32CubeIDE_1.18.1/STM32CubeIDE/plugins/com.st.stm32cube.ide.mcu.externaltools.gnu-tools-for-stm32.13.3.rel1.win32_1.0.0.202411081344/tools/bin/../lib/gcc/arm-none-eabi/13.3.1/thumb/v7e-m+fp/hard/crtn.o
                0x08006b88                        . = ALIGN (0x4)
                0x08006b88                        _etext = .

.vfp11_veneer   0x08006b88        0x0
 .vfp11_veneer  0x08006b88        0x0 linker stubs

.v4_bx          0x08006b88        0x0
 .v4_bx         0x08006b88        0x0 linker stubs

.iplt           0x08006b88        0x0
 .iplt          0x08006b88        0x0 C:/ST/STM32CubeIDE_1.18.1/STM32CubeIDE/plugins/com.st.stm32cube.ide.mcu.externaltools.gnu-tools-for-stm32.13.3.rel1.win32_1.0.0.202411081344/tools/bin/../lib/gcc/arm-none-eabi/13.3.1/thumb/v7e-m+fp/hard/crtbegin.o

.rodata         0x08006b88       0xd8
                0x08006b88                        . = ALIGN (0x4)
 *(.rodata)
 .rodata        0x08006b88        0xc ./Core/driver/FND/FND.o
 .rodata        0x08006b94       0x7d ./Core/driver/hypersonic/distance.o
 *(.rodata*)
 *fill*         0x08006c11        0x3 
 .rodata.AHBPrescTable
                0x08006c14       0x10 ./Core/Src/system_stm32f4xx.o
                0x08006c14                AHBPrescTable
 .rodata.APBPrescTable
                0x08006c24        0x8 ./Core/Src/system_stm32f4xx.o
                0x08006c24                APBPrescTable
 .rodata._svfprintf_r.str1.1
                0x08006c2c       0x33 C:/ST/STM32CubeIDE_1.18.1/STM32CubeIDE/plugins/com.st.stm32cube.ide.mcu.externaltools.gnu-tools-for-stm32.13.3.rel1.win32_1.0.0.202411081344/tools/bin/../lib/gcc/arm-none-eabi/13.3.1/../../../../arm-none-eabi/lib/thumb/v7e-m+fp/hard\libc_nano.a(libc_a-nano-svfprintf.o)
                                 0x11 (size before relaxing)
 .rodata._printf_i.str1.1
                0x08006c5f       0x22 C:/ST/STM32CubeIDE_1.18.1/STM32CubeIDE/plugins/com.st.stm32cube.ide.mcu.externaltools.gnu-tools-for-stm32.13.3.rel1.win32_1.0.0.202411081344/tools/bin/../lib/gcc/arm-none-eabi/13.3.1/../../../../arm-none-eabi/lib/thumb/v7e-m+fp/hard\libc_nano.a(libc_a-nano-vfprintf_i.o)
                0x08006c84                        . = ALIGN (0x4)
 *fill*         0x08006c5f        0x1 

.ARM.extab      0x08006c60        0x0
                0x08006c60                        . = ALIGN (0x4)
 *(.ARM.extab* .gnu.linkonce.armextab.*)
                0x08006c60                        . = ALIGN (0x4)

.ARM            0x08006c60        0x8
                0x08006c60                        . = ALIGN (0x4)
                0x08006c60                        __exidx_start = .
 *(.ARM.exidx*)
 .ARM.exidx     0x08006c60        0x8 C:/ST/STM32CubeIDE_1.18.1/STM32CubeIDE/plugins/com.st.stm32cube.ide.mcu.externaltools.gnu-tools-for-stm32.13.3.rel1.win32_1.0.0.202411081344/tools/bin/../lib/gcc/arm-none-eabi/13.3.1/../../../../arm-none-eabi/lib/thumb/v7e-m+fp/hard\libc_nano.a(libc_a-strlen.o)
 .ARM.exidx     0x08006c68        0x0 C:/ST/STM32CubeIDE_1.18.1/STM32CubeIDE/plugins/com.st.stm32cube.ide.mcu.externaltools.gnu-tools-for-stm32.13.3.rel1.win32_1.0.0.202411081344/tools/bin/../lib/gcc/arm-none-eabi/13.3.1/../../../../arm-none-eabi/lib/thumb/v7e-m+fp/hard\libc_nano.a(libc_a-memchr.o)
                                  0x8 (size before relaxing)
 .ARM.exidx     0x08006c68        0x0 C:/ST/STM32CubeIDE_1.18.1/STM32CubeIDE/plugins/com.st.stm32cube.ide.mcu.externaltools.gnu-tools-for-stm32.13.3.rel1.win32_1.0.0.202411081344/tools/bin/../lib/gcc/arm-none-eabi/13.3.1/thumb/v7e-m+fp/hard\libgcc.a(_udivmoddi4.o)
                                  0x8 (size before relaxing)
                0x08006c68                        __exidx_end = .
                0x08006c68                        . = ALIGN (0x4)

.preinit_array  0x08006c68        0x0
                0x08006c68                        . = ALIGN (0x4)
                0x08006c68                        PROVIDE (__preinit_array_start = .)
 *(.preinit_array*)
                0x08006c68                        PROVIDE (__preinit_array_end = .)
                0x08006c68                        . = ALIGN (0x4)

.init_array     0x08006c68        0x4
                0x08006c68                        . = ALIGN (0x4)
                0x08006c68                        PROVIDE (__init_array_start = .)
 *(SORT_BY_NAME(.init_array.*))
 *(.init_array*)
 .init_array    0x08006c68        0x4 C:/ST/STM32CubeIDE_1.18.1/STM32CubeIDE/plugins/com.st.stm32cube.ide.mcu.externaltools.gnu-tools-for-stm32.13.3.rel1.win32_1.0.0.202411081344/tools/bin/../lib/gcc/arm-none-eabi/13.3.1/thumb/v7e-m+fp/hard/crtbegin.o
                0x08006c6c                        PROVIDE (__init_array_end = .)
                0x08006c6c                        . = ALIGN (0x4)

.fini_array     0x08006c6c        0x4
                0x08006c6c                        . = ALIGN (0x4)
                [!provide]                        PROVIDE (__fini_array_start = .)
 *(SORT_BY_NAME(.fini_array.*))
 *(.fini_array*)
 .fini_array    0x08006c6c        0x4 C:/ST/STM32CubeIDE_1.18.1/STM32CubeIDE/plugins/com.st.stm32cube.ide.mcu.externaltools.gnu-tools-for-stm32.13.3.rel1.win32_1.0.0.202411081344/tools/bin/../lib/gcc/arm-none-eabi/13.3.1/thumb/v7e-m+fp/hard/crtbegin.o
                [!provide]                        PROVIDE (__fini_array_end = .)
                0x08006c70                        . = ALIGN (0x4)
                0x08006c70                        _sidata = LOADADDR (.data)

.rel.dyn        0x08006c70        0x0
 .rel.iplt      0x08006c70        0x0 C:/ST/STM32CubeIDE_1.18.1/STM32CubeIDE/plugins/com.st.stm32cube.ide.mcu.externaltools.gnu-tools-for-stm32.13.3.rel1.win32_1.0.0.202411081344/tools/bin/../lib/gcc/arm-none-eabi/13.3.1/thumb/v7e-m+fp/hard/crtbegin.o

.data           0x20000000      0x130 load address 0x08006c70
                0x20000000                        . = ALIGN (0x4)
                0x20000000                        _sdata = .
 *(.data)
 *(.data*)
 .data.SystemCoreClock
                0x20000000        0x4 ./Core/Src/system_stm32f4xx.o
                0x20000000                SystemCoreClock
 .data.motOff_Tem
                0x20000004        0x4 ./Core/ap/src/Controller.o
 .data.ledOff_Dis
                0x20000008        0x4 ./Core/ap/src/Controller.o
 .data.hue      0x2000000c        0x4 ./Core/ap/src/Controller.o
                0x2000000c                hue
 .data.tem      0x20000010        0x4 ./Core/ap/src/Controller.o
                0x20000010                tem
 .data.dis      0x20000014        0x4 ./Core/ap/src/Controller.o
                0x20000014                dis
 .data.LCD_DATA0
                0x20000018       0x48 ./Core/ap/src/Controller.o
 .data.FND_DATA
                0x20000060        0x8 ./Core/ap/src/Controller.o
 .data.Light_led
                0x20000068        0x8 ./Core/ap/src/Presenter.o
                0x20000068                Light_led
 .data.timeWatch
                0x20000070        0x6 ./Core/ap/src/TimeWatch.o
                0x20000070                timeWatch
 *fill*         0x20000076        0x2 
 .data.fndDigitCom
                0x20000078       0x20 ./Core/driver/FND/FND.o
                0x20000078                fndDigitCom
 .data.fndPin   0x20000098       0x40 ./Core/driver/FND/FND.o
                0x20000098                fndPin
 .data.uwTickPrio
                0x200000d8        0x4 ./Drivers/STM32F4xx_HAL_Driver/Src/stm32f4xx_hal.o
                0x200000d8                uwTickPrio
 .data.uwTickFreq
                0x200000dc        0x1 ./Drivers/STM32F4xx_HAL_Driver/Src/stm32f4xx_hal.o
                0x200000dc                uwTickFreq
 *fill*         0x200000dd        0x3 
 .data._impure_ptr
                0x200000e0        0x4 C:/ST/STM32CubeIDE_1.18.1/STM32CubeIDE/plugins/com.st.stm32cube.ide.mcu.externaltools.gnu-tools-for-stm32.13.3.rel1.win32_1.0.0.202411081344/tools/bin/../lib/gcc/arm-none-eabi/13.3.1/../../../../arm-none-eabi/lib/thumb/v7e-m+fp/hard\libc_nano.a(libc_a-impure.o)
                0x200000e0                _impure_ptr
 .data._impure_data
                0x200000e4       0x4c C:/ST/STM32CubeIDE_1.18.1/STM32CubeIDE/plugins/com.st.stm32cube.ide.mcu.externaltools.gnu-tools-for-stm32.13.3.rel1.win32_1.0.0.202411081344/tools/bin/../lib/gcc/arm-none-eabi/13.3.1/../../../../arm-none-eabi/lib/thumb/v7e-m+fp/hard\libc_nano.a(libc_a-impure.o)
                0x200000e4                _impure_data
 *(.RamFunc)
 *(.RamFunc*)
                0x20000130                        . = ALIGN (0x4)
                0x20000130                        _edata = .

.igot.plt       0x20000130        0x0 load address 0x08006da0
 .igot.plt      0x20000130        0x0 C:/ST/STM32CubeIDE_1.18.1/STM32CubeIDE/plugins/com.st.stm32cube.ide.mcu.externaltools.gnu-tools-for-stm32.13.3.rel1.win32_1.0.0.202411081344/tools/bin/../lib/gcc/arm-none-eabi/13.3.1/thumb/v7e-m+fp/hard/crtbegin.o
                0x20000130                        . = ALIGN (0x4)

.bss            0x20000130      0x38c load address 0x08006da0
                0x20000130                        _sbss = .
                0x20000130                        __bss_start__ = _sbss
 *(.bss)
 .bss           0x20000130       0x1c C:/ST/STM32CubeIDE_1.18.1/STM32CubeIDE/plugins/com.st.stm32cube.ide.mcu.externaltools.gnu-tools-for-stm32.13.3.rel1.win32_1.0.0.202411081344/tools/bin/../lib/gcc/arm-none-eabi/13.3.1/thumb/v7e-m+fp/hard/crtbegin.o
 *(.bss*)
 .bss.hi2c1     0x2000014c       0x54 ./Core/Src/i2c.o
                0x2000014c                hi2c1
 .bss.__sbrk_heap_end
                0x200001a0        0x4 ./Core/Src/sysmem.o
 .bss.htim1     0x200001a4       0x48 ./Core/Src/tim.o
                0x200001a4                htim1
 .bss.htim2     0x200001ec       0x48 ./Core/Src/tim.o
                0x200001ec                htim2
 .bss.htim3     0x20000234       0x48 ./Core/Src/tim.o
                0x20000234                htim3
 .bss.huart2    0x2000027c       0x48 ./Core/Src/usart.o
                0x2000027c                huart2
 .bss.controlE  0x200002c4        0x4 ./Core/ap/src/Controller.o
                0x200002c4                controlE
 .bss.watchData
                0x200002c8        0x6 ./Core/ap/src/Controller.o
                0x200002c8                watchData
 *fill*         0x200002ce        0x2 
 .bss.LCD_dataIndex
                0x200002d0        0x4 ./Core/ap/src/Controller.o
 .bss.FND_dataIndex
                0x200002d4        0x4 ./Core/ap/src/Controller.o
 .bss.hBtnMode  0x200002d8        0xc ./Core/ap/src/Listener.o
                0x200002d8                hBtnMode
 .bss.hBtnRunStop
                0x200002e4        0xc ./Core/ap/src/Listener.o
                0x200002e4                hBtnRunStop
 .bss.hBtnClear
                0x200002f0        0xc ./Core/ap/src/Listener.o
                0x200002f0                hBtnClear
 .bss.rxData    0x200002fc        0x1 ./Core/ap/src/Listener.o
 *fill*         0x200002fd        0x3 
 .bss.uartRxQue
                0x20000300       0x18 ./Core/ap/src/Listener.o
 .bss.stored_distance
                0x20000318        0x2 ./Core/ap/src/Listener.o
 *fill*         0x2000031a        0x2 
 .bss.listener_DHT11Data
                0x2000031c       0x10 ./Core/ap/src/Listener.o
 .bss.menu      0x2000032c        0xa ./Core/ap/src/Listener.o
                0x2000032c                menu
 *fill*         0x20000336        0x2 
 .bss.chkBtnTime.1
                0x20000338        0x4 ./Core/ap/src/Listener.o
 .bss.strIdx.0  0x2000033c        0x4 ./Core/ap/src/Listener.o
 .bss.motor     0x20000340        0x4 ./Core/ap/src/Presenter.o
                0x20000340                motor
 .bss.light     0x20000344        0x4 ./Core/ap/src/Presenter.o
                0x20000344                light
 .bss.fndDispDp
                0x20000348        0x1 ./Core/driver/FND/FND.o
 *fill*         0x20000349        0x1 
 .bss.fndDispNum
                0x2000034a        0x2 ./Core/driver/FND/FND.o
 .bss.digitPos.0
                0x2000034c        0x4 ./Core/driver/FND/FND.o
 .bss.lcdData   0x20000350        0x1 ./Core/driver/LCD/lcd.o
 *fill*         0x20000351        0x3 
 .bss.hLcdI2C   0x20000354        0x4 ./Core/driver/LCD/lcd.o
 .bss.hbuzzerTim
                0x20000358        0x4 ./Core/driver/buzzer/buzzer.o
 .bss.buzzerTimChannel
                0x2000035c        0x4 ./Core/driver/buzzer/buzzer.o
 .bss.echo_count
                0x20000360        0x2 ./Core/driver/hypersonic/distance.o
 .bss.echo_measuring
                0x20000362        0x1 ./Core/driver/hypersonic/distance.o
 .bss.echo_done
                0x20000363        0x1 ./Core/driver/hypersonic/distance.o
 .bss.prev_echo_state
                0x20000364        0x1 ./Core/driver/hypersonic/distance.o
 *fill*         0x20000365        0x1 
 .bss.current_distance
                0x20000366        0x2 ./Core/driver/hypersonic/distance.o
 .bss.hMotorTim
                0x20000368        0x4 ./Core/driver/motor/motor.o
 .bss.MotorTimChannel
                0x2000036c        0x4 ./Core/driver/motor/motor.o
 .bss.uwTick    0x20000370        0x4 ./Drivers/STM32F4xx_HAL_Driver/Src/stm32f4xx_hal.o
                0x20000370                uwTick
 .bss.__sf      0x20000374      0x138 C:/ST/STM32CubeIDE_1.18.1/STM32CubeIDE/plugins/com.st.stm32cube.ide.mcu.externaltools.gnu-tools-for-stm32.13.3.rel1.win32_1.0.0.202411081344/tools/bin/../lib/gcc/arm-none-eabi/13.3.1/../../../../arm-none-eabi/lib/thumb/v7e-m+fp/hard\libc_nano.a(libc_a-findfp.o)
                0x20000374                __sf
 .bss.errno     0x200004ac        0x4 C:/ST/STM32CubeIDE_1.18.1/STM32CubeIDE/plugins/com.st.stm32cube.ide.mcu.externaltools.gnu-tools-for-stm32.13.3.rel1.win32_1.0.0.202411081344/tools/bin/../lib/gcc/arm-none-eabi/13.3.1/../../../../arm-none-eabi/lib/thumb/v7e-m+fp/hard\libc_nano.a(libc_a-reent.o)
                0x200004ac                errno
 .bss.__lock___malloc_recursive_mutex
                0x200004b0        0x1 C:/ST/STM32CubeIDE_1.18.1/STM32CubeIDE/plugins/com.st.stm32cube.ide.mcu.externaltools.gnu-tools-for-stm32.13.3.rel1.win32_1.0.0.202411081344/tools/bin/../lib/gcc/arm-none-eabi/13.3.1/../../../../arm-none-eabi/lib/thumb/v7e-m+fp/hard\libc_nano.a(libc_a-lock.o)
                0x200004b0                __lock___malloc_recursive_mutex
 *fill*         0x200004b1        0x3 
 .bss.__malloc_sbrk_start
                0x200004b4        0x4 C:/ST/STM32CubeIDE_1.18.1/STM32CubeIDE/plugins/com.st.stm32cube.ide.mcu.externaltools.gnu-tools-for-stm32.13.3.rel1.win32_1.0.0.202411081344/tools/bin/../lib/gcc/arm-none-eabi/13.3.1/../../../../arm-none-eabi/lib/thumb/v7e-m+fp/hard\libc_nano.a(libc_a-mallocr.o)
                0x200004b4                __malloc_sbrk_start
 .bss.__malloc_free_list
                0x200004b8        0x4 C:/ST/STM32CubeIDE_1.18.1/STM32CubeIDE/plugins/com.st.stm32cube.ide.mcu.externaltools.gnu-tools-for-stm32.13.3.rel1.win32_1.0.0.202411081344/tools/bin/../lib/gcc/arm-none-eabi/13.3.1/../../../../arm-none-eabi/lib/thumb/v7e-m+fp/hard\libc_nano.a(libc_a-mallocr.o)
                0x200004b8                __malloc_free_list
 *(COMMON)
                0x200004bc                        . = ALIGN (0x4)
                0x200004bc                        _ebss = .
                0x200004bc                        __bss_end__ = _ebss

._user_heap_stack
                0x200004bc      0x604 load address 0x08006da0
                0x200004c0                        . = ALIGN (0x8)
 *fill*         0x200004bc        0x4 
                [!provide]                        PROVIDE (end = .)
                0x200004c0                        PROVIDE (_end = .)
                0x200006c0                        . = (. + _Min_Heap_Size)
 *fill*         0x200004c0      0x200 
                0x20000ac0                        . = (. + _Min_Stack_Size)
 *fill*         0x200006c0      0x400 
                0x20000ac0                        . = ALIGN (0x8)

/DISCARD/
 libc.a(*)
 libm.a(*)
 libgcc.a(*)

.ARM.attributes
                0x00000000       0x30
 *(.ARM.attributes)
 .ARM.attributes
                0x00000000       0x22 C:/ST/STM32CubeIDE_1.18.1/STM32CubeIDE/plugins/com.st.stm32cube.ide.mcu.externaltools.gnu-tools-for-stm32.13.3.rel1.win32_1.0.0.202411081344/tools/bin/../lib/gcc/arm-none-eabi/13.3.1/thumb/v7e-m+fp/hard/crti.o
 .ARM.attributes
                0x00000022       0x34 C:/ST/STM32CubeIDE_1.18.1/STM32CubeIDE/plugins/com.st.stm32cube.ide.mcu.externaltools.gnu-tools-for-stm32.13.3.rel1.win32_1.0.0.202411081344/tools/bin/../lib/gcc/arm-none-eabi/13.3.1/thumb/v7e-m+fp/hard/crtbegin.o
 .ARM.attributes
                0x00000056       0x34 ./Core/Src/gpio.o
 .ARM.attributes
                0x0000008a       0x34 ./Core/Src/i2c.o
 .ARM.attributes
                0x000000be       0x34 ./Core/Src/main.o
 .ARM.attributes
                0x000000f2       0x34 ./Core/Src/stm32f4xx_hal_msp.o
 .ARM.attributes
                0x00000126       0x34 ./Core/Src/stm32f4xx_it.o
 .ARM.attributes
                0x0000015a       0x34 ./Core/Src/sysmem.o
 .ARM.attributes
                0x0000018e       0x34 ./Core/Src/system_stm32f4xx.o
 .ARM.attributes
                0x000001c2       0x34 ./Core/Src/tim.o
 .ARM.attributes
                0x000001f6       0x34 ./Core/Src/usart.o
 .ARM.attributes
                0x0000022a       0x21 ./Core/Startup/startup_stm32f411retx.o
 .ARM.attributes
                0x0000024b       0x34 ./Core/ap/src/Controller.o
 .ARM.attributes
                0x0000027f       0x34 ./Core/ap/src/Listener.o
 .ARM.attributes
                0x000002b3       0x34 ./Core/ap/src/Presenter.o
 .ARM.attributes
                0x000002e7       0x34 ./Core/ap/src/TimeWatch.o
 .ARM.attributes
                0x0000031b       0x34 ./Core/ap/src/ap_main.o
 .ARM.attributes
                0x0000034f       0x34 ./Core/ap/src/queue.o
 .ARM.attributes
                0x00000383       0x34 ./Core/ap/src/sound.o
 .ARM.attributes
                0x000003b7       0x34 ./Core/driver/Button/Button.o
 .ARM.attributes
                0x000003eb       0x34 ./Core/driver/DHT11/DHT11.o
 .ARM.attributes
                0x0000041f       0x34 ./Core/driver/FND/FND.o
 .ARM.attributes
                0x00000453       0x34 ./Core/driver/LCD/lcd.o
 .ARM.attributes
                0x00000487       0x34 ./Core/driver/Light/light.o
 .ARM.attributes
                0x000004bb       0x34 ./Core/driver/buzzer/buzzer.o
 .ARM.attributes
                0x000004ef       0x34 ./Core/driver/hypersonic/distance.o
 .ARM.attributes
                0x00000523       0x34 ./Core/driver/motor/motor.o
 .ARM.attributes
                0x00000557       0x34 ./Drivers/STM32F4xx_HAL_Driver/Src/stm32f4xx_hal.o
 .ARM.attributes
                0x0000058b       0x34 ./Drivers/STM32F4xx_HAL_Driver/Src/stm32f4xx_hal_cortex.o
 .ARM.attributes
                0x000005bf       0x34 ./Drivers/STM32F4xx_HAL_Driver/Src/stm32f4xx_hal_dma.o
 .ARM.attributes
                0x000005f3       0x34 ./Drivers/STM32F4xx_HAL_Driver/Src/stm32f4xx_hal_gpio.o
 .ARM.attributes
                0x00000627       0x34 ./Drivers/STM32F4xx_HAL_Driver/Src/stm32f4xx_hal_i2c.o
 .ARM.attributes
                0x0000065b       0x34 ./Drivers/STM32F4xx_HAL_Driver/Src/stm32f4xx_hal_rcc.o
 .ARM.attributes
                0x0000068f       0x34 ./Drivers/STM32F4xx_HAL_Driver/Src/stm32f4xx_hal_tim.o
 .ARM.attributes
                0x000006c3       0x34 ./Drivers/STM32F4xx_HAL_Driver/Src/stm32f4xx_hal_tim_ex.o
 .ARM.attributes
                0x000006f7       0x34 ./Drivers/STM32F4xx_HAL_Driver/Src/stm32f4xx_hal_uart.o
 .ARM.attributes
                0x0000072b       0x34 C:/ST/STM32CubeIDE_1.18.1/STM32CubeIDE/plugins/com.st.stm32cube.ide.mcu.externaltools.gnu-tools-for-stm32.13.3.rel1.win32_1.0.0.202411081344/tools/bin/../lib/gcc/arm-none-eabi/13.3.1/../../../../arm-none-eabi/lib/thumb/v7e-m+fp/hard\libc_nano.a(libc_a-findfp.o)
 .ARM.attributes
                0x0000075f       0x34 C:/ST/STM32CubeIDE_1.18.1/STM32CubeIDE/plugins/com.st.stm32cube.ide.mcu.externaltools.gnu-tools-for-stm32.13.3.rel1.win32_1.0.0.202411081344/tools/bin/../lib/gcc/arm-none-eabi/13.3.1/../../../../arm-none-eabi/lib/thumb/v7e-m+fp/hard\libc_nano.a(libc_a-sprintf.o)
 .ARM.attributes
                0x00000793       0x34 C:/ST/STM32CubeIDE_1.18.1/STM32CubeIDE/plugins/com.st.stm32cube.ide.mcu.externaltools.gnu-tools-for-stm32.13.3.rel1.win32_1.0.0.202411081344/tools/bin/../lib/gcc/arm-none-eabi/13.3.1/../../../../arm-none-eabi/lib/thumb/v7e-m+fp/hard\libc_nano.a(libc_a-memset.o)
 .ARM.attributes
                0x000007c7       0x34 C:/ST/STM32CubeIDE_1.18.1/STM32CubeIDE/plugins/com.st.stm32cube.ide.mcu.externaltools.gnu-tools-for-stm32.13.3.rel1.win32_1.0.0.202411081344/tools/bin/../lib/gcc/arm-none-eabi/13.3.1/../../../../arm-none-eabi/lib/thumb/v7e-m+fp/hard\libc_nano.a(libc_a-reent.o)
 .ARM.attributes
                0x000007fb       0x34 C:/ST/STM32CubeIDE_1.18.1/STM32CubeIDE/plugins/com.st.stm32cube.ide.mcu.externaltools.gnu-tools-for-stm32.13.3.rel1.win32_1.0.0.202411081344/tools/bin/../lib/gcc/arm-none-eabi/13.3.1/../../../../arm-none-eabi/lib/thumb/v7e-m+fp/hard\libc_nano.a(libc_a-impure.o)
 .ARM.attributes
                0x0000082f       0x34 C:/ST/STM32CubeIDE_1.18.1/STM32CubeIDE/plugins/com.st.stm32cube.ide.mcu.externaltools.gnu-tools-for-stm32.13.3.rel1.win32_1.0.0.202411081344/tools/bin/../lib/gcc/arm-none-eabi/13.3.1/../../../../arm-none-eabi/lib/thumb/v7e-m+fp/hard\libc_nano.a(libc_a-errno.o)
 .ARM.attributes
                0x00000863       0x34 C:/ST/STM32CubeIDE_1.18.1/STM32CubeIDE/plugins/com.st.stm32cube.ide.mcu.externaltools.gnu-tools-for-stm32.13.3.rel1.win32_1.0.0.202411081344/tools/bin/../lib/gcc/arm-none-eabi/13.3.1/../../../../arm-none-eabi/lib/thumb/v7e-m+fp/hard\libc_nano.a(libc_a-init.o)
 .ARM.attributes
                0x00000897       0x34 C:/ST/STM32CubeIDE_1.18.1/STM32CubeIDE/plugins/com.st.stm32cube.ide.mcu.externaltools.gnu-tools-for-stm32.13.3.rel1.win32_1.0.0.202411081344/tools/bin/../lib/gcc/arm-none-eabi/13.3.1/../../../../arm-none-eabi/lib/thumb/v7e-m+fp/hard\libc_nano.a(libc_a-lock.o)
 .ARM.attributes
                0x000008cb       0x34 C:/ST/STM32CubeIDE_1.18.1/STM32CubeIDE/plugins/com.st.stm32cube.ide.mcu.externaltools.gnu-tools-for-stm32.13.3.rel1.win32_1.0.0.202411081344/tools/bin/../lib/gcc/arm-none-eabi/13.3.1/../../../../arm-none-eabi/lib/thumb/v7e-m+fp/hard\libc_nano.a(libc_a-strcpy.o)
 .ARM.attributes
                0x000008ff       0x17 C:/ST/STM32CubeIDE_1.18.1/STM32CubeIDE/plugins/com.st.stm32cube.ide.mcu.externaltools.gnu-tools-for-stm32.13.3.rel1.win32_1.0.0.202411081344/tools/bin/../lib/gcc/arm-none-eabi/13.3.1/../../../../arm-none-eabi/lib/thumb/v7e-m+fp/hard\libc_nano.a(libc_a-strlen.o)
 .ARM.attributes
                0x00000916       0x34 C:/ST/STM32CubeIDE_1.18.1/STM32CubeIDE/plugins/com.st.stm32cube.ide.mcu.externaltools.gnu-tools-for-stm32.13.3.rel1.win32_1.0.0.202411081344/tools/bin/../lib/gcc/arm-none-eabi/13.3.1/../../../../arm-none-eabi/lib/thumb/v7e-m+fp/hard\libc_nano.a(libc_a-freer.o)
 .ARM.attributes
                0x0000094a       0x34 C:/ST/STM32CubeIDE_1.18.1/STM32CubeIDE/plugins/com.st.stm32cube.ide.mcu.externaltools.gnu-tools-for-stm32.13.3.rel1.win32_1.0.0.202411081344/tools/bin/../lib/gcc/arm-none-eabi/13.3.1/../../../../arm-none-eabi/lib/thumb/v7e-m+fp/hard\libc_nano.a(libc_a-mallocr.o)
 .ARM.attributes
                0x0000097e       0x34 C:/ST/STM32CubeIDE_1.18.1/STM32CubeIDE/plugins/com.st.stm32cube.ide.mcu.externaltools.gnu-tools-for-stm32.13.3.rel1.win32_1.0.0.202411081344/tools/bin/../lib/gcc/arm-none-eabi/13.3.1/../../../../arm-none-eabi/lib/thumb/v7e-m+fp/hard\libc_nano.a(libc_a-mlock.o)
 .ARM.attributes
                0x000009b2       0x34 C:/ST/STM32CubeIDE_1.18.1/STM32CubeIDE/plugins/com.st.stm32cube.ide.mcu.externaltools.gnu-tools-for-stm32.13.3.rel1.win32_1.0.0.202411081344/tools/bin/../lib/gcc/arm-none-eabi/13.3.1/../../../../arm-none-eabi/lib/thumb/v7e-m+fp/hard\libc_nano.a(libc_a-nano-svfprintf.o)
 .ARM.attributes
                0x000009e6       0x34 C:/ST/STM32CubeIDE_1.18.1/STM32CubeIDE/plugins/com.st.stm32cube.ide.mcu.externaltools.gnu-tools-for-stm32.13.3.rel1.win32_1.0.0.202411081344/tools/bin/../lib/gcc/arm-none-eabi/13.3.1/../../../../arm-none-eabi/lib/thumb/v7e-m+fp/hard\libc_nano.a(libc_a-nano-vfprintf_i.o)
 .ARM.attributes
                0x00000a1a       0x34 C:/ST/STM32CubeIDE_1.18.1/STM32CubeIDE/plugins/com.st.stm32cube.ide.mcu.externaltools.gnu-tools-for-stm32.13.3.rel1.win32_1.0.0.202411081344/tools/bin/../lib/gcc/arm-none-eabi/13.3.1/../../../../arm-none-eabi/lib/thumb/v7e-m+fp/hard\libc_nano.a(libc_a-memmove.o)
 .ARM.attributes
                0x00000a4e       0x34 C:/ST/STM32CubeIDE_1.18.1/STM32CubeIDE/plugins/com.st.stm32cube.ide.mcu.externaltools.gnu-tools-for-stm32.13.3.rel1.win32_1.0.0.202411081344/tools/bin/../lib/gcc/arm-none-eabi/13.3.1/../../../../arm-none-eabi/lib/thumb/v7e-m+fp/hard\libc_nano.a(libc_a-sbrkr.o)
 .ARM.attributes
                0x00000a82       0x1c C:/ST/STM32CubeIDE_1.18.1/STM32CubeIDE/plugins/com.st.stm32cube.ide.mcu.externaltools.gnu-tools-for-stm32.13.3.rel1.win32_1.0.0.202411081344/tools/bin/../lib/gcc/arm-none-eabi/13.3.1/../../../../arm-none-eabi/lib/thumb/v7e-m+fp/hard\libc_nano.a(libc_a-memchr.o)
 .ARM.attributes
                0x00000a9e       0x34 C:/ST/STM32CubeIDE_1.18.1/STM32CubeIDE/plugins/com.st.stm32cube.ide.mcu.externaltools.gnu-tools-for-stm32.13.3.rel1.win32_1.0.0.202411081344/tools/bin/../lib/gcc/arm-none-eabi/13.3.1/../../../../arm-none-eabi/lib/thumb/v7e-m+fp/hard\libc_nano.a(libc_a-memcpy-stub.o)
 .ARM.attributes
                0x00000ad2       0x34 C:/ST/STM32CubeIDE_1.18.1/STM32CubeIDE/plugins/com.st.stm32cube.ide.mcu.externaltools.gnu-tools-for-stm32.13.3.rel1.win32_1.0.0.202411081344/tools/bin/../lib/gcc/arm-none-eabi/13.3.1/../../../../arm-none-eabi/lib/thumb/v7e-m+fp/hard\libc_nano.a(libc_a-reallocr.o)
 .ARM.attributes
                0x00000b06       0x34 C:/ST/STM32CubeIDE_1.18.1/STM32CubeIDE/plugins/com.st.stm32cube.ide.mcu.externaltools.gnu-tools-for-stm32.13.3.rel1.win32_1.0.0.202411081344/tools/bin/../lib/gcc/arm-none-eabi/13.3.1/../../../../arm-none-eabi/lib/thumb/v7e-m+fp/hard\libc_nano.a(libc_a-msizer.o)
 .ARM.attributes
                0x00000b3a       0x22 C:/ST/STM32CubeIDE_1.18.1/STM32CubeIDE/plugins/com.st.stm32cube.ide.mcu.externaltools.gnu-tools-for-stm32.13.3.rel1.win32_1.0.0.202411081344/tools/bin/../lib/gcc/arm-none-eabi/13.3.1/thumb/v7e-m+fp/hard\libgcc.a(_aeabi_uldivmod.o)
 .ARM.attributes
                0x00000b5c       0x34 C:/ST/STM32CubeIDE_1.18.1/STM32CubeIDE/plugins/com.st.stm32cube.ide.mcu.externaltools.gnu-tools-for-stm32.13.3.rel1.win32_1.0.0.202411081344/tools/bin/../lib/gcc/arm-none-eabi/13.3.1/thumb/v7e-m+fp/hard\libgcc.a(_udivmoddi4.o)
 .ARM.attributes
                0x00000b90       0x22 C:/ST/STM32CubeIDE_1.18.1/STM32CubeIDE/plugins/com.st.stm32cube.ide.mcu.externaltools.gnu-tools-for-stm32.13.3.rel1.win32_1.0.0.202411081344/tools/bin/../lib/gcc/arm-none-eabi/13.3.1/thumb/v7e-m+fp/hard\libgcc.a(_dvmd_tls.o)
 .ARM.attributes
                0x00000bb2       0x22 C:/ST/STM32CubeIDE_1.18.1/STM32CubeIDE/plugins/com.st.stm32cube.ide.mcu.externaltools.gnu-tools-for-stm32.13.3.rel1.win32_1.0.0.202411081344/tools/bin/../lib/gcc/arm-none-eabi/13.3.1/thumb/v7e-m+fp/hard/crtn.o
OUTPUT(wine_celler.elf elf32-littlearm)
LOAD linker stubs
LOAD C:/ST/STM32CubeIDE_1.18.1/STM32CubeIDE/plugins/com.st.stm32cube.ide.mcu.externaltools.gnu-tools-for-stm32.13.3.rel1.win32_1.0.0.202411081344/tools/bin/../lib/gcc/arm-none-eabi/13.3.1/../../../../arm-none-eabi/lib/thumb/v7e-m+fp/hard\libc.a
LOAD C:/ST/STM32CubeIDE_1.18.1/STM32CubeIDE/plugins/com.st.stm32cube.ide.mcu.externaltools.gnu-tools-for-stm32.13.3.rel1.win32_1.0.0.202411081344/tools/bin/../lib/gcc/arm-none-eabi/13.3.1/../../../../arm-none-eabi/lib/thumb/v7e-m+fp/hard\libm.a
LOAD C:/ST/STM32CubeIDE_1.18.1/STM32CubeIDE/plugins/com.st.stm32cube.ide.mcu.externaltools.gnu-tools-for-stm32.13.3.rel1.win32_1.0.0.202411081344/tools/bin/../lib/gcc/arm-none-eabi/13.3.1/thumb/v7e-m+fp/hard\libgcc.a

.debug_info     0x00000000    0x16973
 .debug_info    0x00000000      0x433 ./Core/Src/gpio.o
 .debug_info    0x00000433      0x9a5 ./Core/Src/i2c.o
 .debug_info    0x00000dd8      0x520 ./Core/Src/main.o
 .debug_info    0x000012f8      0x291 ./Core/Src/stm32f4xx_hal_msp.o
 .debug_info    0x00001589      0x984 ./Core/Src/stm32f4xx_it.o
 .debug_info    0x00001f0d      0x168 ./Core/Src/sysmem.o
 .debug_info    0x00002075      0x53e ./Core/Src/system_stm32f4xx.o
 .debug_info    0x000025b3      0xf9c ./Core/Src/tim.o
 .debug_info    0x0000354f      0xb2e ./Core/Src/usart.o
 .debug_info    0x0000407d       0x30 ./Core/Startup/startup_stm32f411retx.o
 .debug_info    0x000040ad      0x39f ./Core/ap/src/Controller.o
 .debug_info    0x0000444c      0xdaa ./Core/ap/src/Listener.o
 .debug_info    0x000051f6      0xbb7 ./Core/ap/src/Presenter.o
 .debug_info    0x00005dad      0x170 ./Core/ap/src/TimeWatch.o
 .debug_info    0x00005f1d      0x9ee ./Core/ap/src/ap_main.o
 .debug_info    0x0000690b      0x1b9 ./Core/ap/src/queue.o
 .debug_info    0x00006ac4      0x73e ./Core/ap/src/sound.o
 .debug_info    0x00007202      0x295 ./Core/driver/Button/Button.o
 .debug_info    0x00007497      0xb23 ./Core/driver/DHT11/DHT11.o
 .debug_info    0x00007fba      0x3c7 ./Core/driver/FND/FND.o
 .debug_info    0x00008381      0x86f ./Core/driver/LCD/lcd.o
 .debug_info    0x00008bf0      0x234 ./Core/driver/Light/light.o
 .debug_info    0x00008e24      0x70d ./Core/driver/buzzer/buzzer.o
 .debug_info    0x00009531      0xc92 ./Core/driver/hypersonic/distance.o
 .debug_info    0x0000a1c3      0x727 ./Core/driver/motor/motor.o
 .debug_info    0x0000a8ea      0x8c4 ./Drivers/STM32F4xx_HAL_Driver/Src/stm32f4xx_hal.o
 .debug_info    0x0000b1ae      0xcfc ./Drivers/STM32F4xx_HAL_Driver/Src/stm32f4xx_hal_cortex.o
 .debug_info    0x0000beaa      0x8e6 ./Drivers/STM32F4xx_HAL_Driver/Src/stm32f4xx_hal_dma.o
 .debug_info    0x0000c790      0x6f9 ./Drivers/STM32F4xx_HAL_Driver/Src/stm32f4xx_hal_gpio.o
 .debug_info    0x0000ce89     0x2426 ./Drivers/STM32F4xx_HAL_Driver/Src/stm32f4xx_hal_i2c.o
 .debug_info    0x0000f2af      0x904 ./Drivers/STM32F4xx_HAL_Driver/Src/stm32f4xx_hal_rcc.o
 .debug_info    0x0000fbb3     0x2996 ./Drivers/STM32F4xx_HAL_Driver/Src/stm32f4xx_hal_tim.o
 .debug_info    0x00012549     0x14d4 ./Drivers/STM32F4xx_HAL_Driver/Src/stm32f4xx_hal_tim_ex.o
 .debug_info    0x00013a1d     0x2f56 ./Drivers/STM32F4xx_HAL_Driver/Src/stm32f4xx_hal_uart.o

.debug_abbrev   0x00000000     0x4089
 .debug_abbrev  0x00000000      0x151 ./Core/Src/gpio.o
 .debug_abbrev  0x00000151      0x1f0 ./Core/Src/i2c.o
 .debug_abbrev  0x00000341      0x20b ./Core/Src/main.o
 .debug_abbrev  0x0000054c       0xd8 ./Core/Src/stm32f4xx_hal_msp.o
 .debug_abbrev  0x00000624      0x1af ./Core/Src/stm32f4xx_it.o
 .debug_abbrev  0x000007d3       0xbc ./Core/Src/sysmem.o
 .debug_abbrev  0x0000088f      0x11a ./Core/Src/system_stm32f4xx.o
 .debug_abbrev  0x000009a9      0x269 ./Core/Src/tim.o
 .debug_abbrev  0x00000c12      0x217 ./Core/Src/usart.o
 .debug_abbrev  0x00000e29       0x24 ./Core/Startup/startup_stm32f411retx.o
 .debug_abbrev  0x00000e4d      0x1c8 ./Core/ap/src/Controller.o
 .debug_abbrev  0x00001015      0x26b ./Core/ap/src/Listener.o
 .debug_abbrev  0x00001280      0x1ed ./Core/ap/src/Presenter.o
 .debug_abbrev  0x0000146d       0xb6 ./Core/ap/src/TimeWatch.o
 .debug_abbrev  0x00001523      0x220 ./Core/ap/src/ap_main.o
 .debug_abbrev  0x00001743      0x11e ./Core/ap/src/queue.o
 .debug_abbrev  0x00001861      0x200 ./Core/ap/src/sound.o
 .debug_abbrev  0x00001a61      0x16d ./Core/driver/Button/Button.o
 .debug_abbrev  0x00001bce      0x234 ./Core/driver/DHT11/DHT11.o
 .debug_abbrev  0x00001e02      0x1f9 ./Core/driver/FND/FND.o
 .debug_abbrev  0x00001ffb      0x208 ./Core/driver/LCD/lcd.o
 .debug_abbrev  0x00002203      0x15f ./Core/driver/Light/light.o
 .debug_abbrev  0x00002362      0x1be ./Core/driver/buzzer/buzzer.o
 .debug_abbrev  0x00002520      0x28e ./Core/driver/hypersonic/distance.o
 .debug_abbrev  0x000027ae      0x1d1 ./Core/driver/motor/motor.o
 .debug_abbrev  0x0000297f      0x24b ./Drivers/STM32F4xx_HAL_Driver/Src/stm32f4xx_hal.o
 .debug_abbrev  0x00002bca      0x31d ./Drivers/STM32F4xx_HAL_Driver/Src/stm32f4xx_hal_cortex.o
 .debug_abbrev  0x00002ee7      0x221 ./Drivers/STM32F4xx_HAL_Driver/Src/stm32f4xx_hal_dma.o
 .debug_abbrev  0x00003108      0x1d3 ./Drivers/STM32F4xx_HAL_Driver/Src/stm32f4xx_hal_gpio.o
 .debug_abbrev  0x000032db      0x2bc ./Drivers/STM32F4xx_HAL_Driver/Src/stm32f4xx_hal_i2c.o
 .debug_abbrev  0x00003597      0x2b6 ./Drivers/STM32F4xx_HAL_Driver/Src/stm32f4xx_hal_rcc.o
 .debug_abbrev  0x0000384d      0x28b ./Drivers/STM32F4xx_HAL_Driver/Src/stm32f4xx_hal_tim.o
 .debug_abbrev  0x00003ad8      0x296 ./Drivers/STM32F4xx_HAL_Driver/Src/stm32f4xx_hal_tim_ex.o
 .debug_abbrev  0x00003d6e      0x31b ./Drivers/STM32F4xx_HAL_Driver/Src/stm32f4xx_hal_uart.o

.debug_aranges  0x00000000     0x13a8
 .debug_aranges
                0x00000000       0x20 ./Core/Src/gpio.o
 .debug_aranges
                0x00000020       0x30 ./Core/Src/i2c.o
 .debug_aranges
                0x00000050       0x30 ./Core/Src/main.o
 .debug_aranges
                0x00000080       0x20 ./Core/Src/stm32f4xx_hal_msp.o
 .debug_aranges
                0x000000a0       0x70 ./Core/Src/stm32f4xx_it.o
 .debug_aranges
                0x00000110       0x20 ./Core/Src/sysmem.o
 .debug_aranges
                0x00000130       0x28 ./Core/Src/system_stm32f4xx.o
 .debug_aranges
                0x00000158       0x48 ./Core/Src/tim.o
 .debug_aranges
                0x000001a0       0x30 ./Core/Src/usart.o
 .debug_aranges
                0x000001d0       0x28 ./Core/Startup/startup_stm32f411retx.o
 .debug_aranges
                0x000001f8       0x68 ./Core/ap/src/Controller.o
 .debug_aranges
                0x00000260       0x68 ./Core/ap/src/Listener.o
 .debug_aranges
                0x000002c8       0x30 ./Core/ap/src/Presenter.o
 .debug_aranges
                0x000002f8       0x38 ./Core/ap/src/TimeWatch.o
 .debug_aranges
                0x00000330       0x38 ./Core/ap/src/ap_main.o
 .debug_aranges
                0x00000368       0x48 ./Core/ap/src/queue.o
 .debug_aranges
                0x000003b0       0x50 ./Core/ap/src/sound.o
 .debug_aranges
                0x00000400       0x28 ./Core/driver/Button/Button.o
 .debug_aranges
                0x00000428       0x38 ./Core/driver/DHT11/DHT11.o
 .debug_aranges
                0x00000460       0x50 ./Core/driver/FND/FND.o
 .debug_aranges
                0x000004b0       0x98 ./Core/driver/LCD/lcd.o
 .debug_aranges
                0x00000548       0x28 ./Core/driver/Light/light.o
 .debug_aranges
                0x00000570       0x38 ./Core/driver/buzzer/buzzer.o
 .debug_aranges
                0x000005a8       0x50 ./Core/driver/hypersonic/distance.o
 .debug_aranges
                0x000005f8       0x38 ./Core/driver/motor/motor.o
 .debug_aranges
                0x00000630       0xf0 ./Drivers/STM32F4xx_HAL_Driver/Src/stm32f4xx_hal.o
 .debug_aranges
                0x00000720      0x130 ./Drivers/STM32F4xx_HAL_Driver/Src/stm32f4xx_hal_cortex.o
 .debug_aranges
                0x00000850       0x90 ./Drivers/STM32F4xx_HAL_Driver/Src/stm32f4xx_hal_dma.o
 .debug_aranges
                0x000008e0       0x58 ./Drivers/STM32F4xx_HAL_Driver/Src/stm32f4xx_hal_gpio.o
 .debug_aranges
                0x00000938      0x2a8 ./Drivers/STM32F4xx_HAL_Driver/Src/stm32f4xx_hal_i2c.o
 .debug_aranges
                0x00000be0       0x88 ./Drivers/STM32F4xx_HAL_Driver/Src/stm32f4xx_hal_rcc.o
 .debug_aranges
                0x00000c68      0x3d0 ./Drivers/STM32F4xx_HAL_Driver/Src/stm32f4xx_hal_tim.o
 .debug_aranges
                0x00001038      0x168 ./Drivers/STM32F4xx_HAL_Driver/Src/stm32f4xx_hal_tim_ex.o
 .debug_aranges
                0x000011a0      0x208 ./Drivers/STM32F4xx_HAL_Driver/Src/stm32f4xx_hal_uart.o

.debug_rnglists
                0x00000000      0xf16
 .debug_rnglists
                0x00000000       0x14 ./Core/Src/gpio.o
 .debug_rnglists
                0x00000014       0x20 ./Core/Src/i2c.o
 .debug_rnglists
                0x00000034       0x20 ./Core/Src/main.o
 .debug_rnglists
                0x00000054       0x13 ./Core/Src/stm32f4xx_hal_msp.o
 .debug_rnglists
                0x00000067       0x4f ./Core/Src/stm32f4xx_it.o
 .debug_rnglists
                0x000000b6       0x13 ./Core/Src/sysmem.o
 .debug_rnglists
                0x000000c9       0x1a ./Core/Src/system_stm32f4xx.o
 .debug_rnglists
                0x000000e3       0x36 ./Core/Src/tim.o
 .debug_rnglists
                0x00000119       0x20 ./Core/Src/usart.o
 .debug_rnglists
                0x00000139       0x19 ./Core/Startup/startup_stm32f411retx.o
 .debug_rnglists
                0x00000152       0x4a ./Core/ap/src/Controller.o
 .debug_rnglists
                0x0000019c       0x49 ./Core/ap/src/Listener.o
 .debug_rnglists
                0x000001e5       0x1f ./Core/ap/src/Presenter.o
 .debug_rnglists
                0x00000204       0x26 ./Core/ap/src/TimeWatch.o
 .debug_rnglists
                0x0000022a       0x25 ./Core/ap/src/ap_main.o
 .debug_rnglists
                0x0000024f       0x31 ./Core/ap/src/queue.o
 .debug_rnglists
                0x00000280       0x37 ./Core/ap/src/sound.o
 .debug_rnglists
                0x000002b7       0x19 ./Core/driver/Button/Button.o
 .debug_rnglists
                0x000002d0       0x26 ./Core/driver/DHT11/DHT11.o
 .debug_rnglists
                0x000002f6       0x39 ./Core/driver/FND/FND.o
 .debug_rnglists
                0x0000032f       0x6d ./Core/driver/LCD/lcd.o
 .debug_rnglists
                0x0000039c       0x19 ./Core/driver/Light/light.o
 .debug_rnglists
                0x000003b5       0x26 ./Core/driver/buzzer/buzzer.o
 .debug_rnglists
                0x000003db       0x3a ./Core/driver/hypersonic/distance.o
 .debug_rnglists
                0x00000415       0x26 ./Core/driver/motor/motor.o
 .debug_rnglists
                0x0000043b       0xaf ./Drivers/STM32F4xx_HAL_Driver/Src/stm32f4xx_hal.o
 .debug_rnglists
                0x000004ea       0xe0 ./Drivers/STM32F4xx_HAL_Driver/Src/stm32f4xx_hal_cortex.o
 .debug_rnglists
                0x000005ca       0x70 ./Drivers/STM32F4xx_HAL_Driver/Src/stm32f4xx_hal_dma.o
 .debug_rnglists
                0x0000063a       0x3f ./Drivers/STM32F4xx_HAL_Driver/Src/stm32f4xx_hal_gpio.o
 .debug_rnglists
                0x00000679      0x23c ./Drivers/STM32F4xx_HAL_Driver/Src/stm32f4xx_hal_i2c.o
 .debug_rnglists
                0x000008b5       0x66 ./Drivers/STM32F4xx_HAL_Driver/Src/stm32f4xx_hal_rcc.o
 .debug_rnglists
                0x0000091b      0x31a ./Drivers/STM32F4xx_HAL_Driver/Src/stm32f4xx_hal_tim.o
 .debug_rnglists
                0x00000c35      0x125 ./Drivers/STM32F4xx_HAL_Driver/Src/stm32f4xx_hal_tim_ex.o
 .debug_rnglists
                0x00000d5a      0x1bc ./Drivers/STM32F4xx_HAL_Driver/Src/stm32f4xx_hal_uart.o

.debug_macro    0x00000000    0x18e8c
 .debug_macro   0x00000000      0x1fb ./Core/Src/gpio.o
 .debug_macro   0x000001fb      0xad8 ./Core/Src/gpio.o
 .debug_macro   0x00000cd3      0x2a1 ./Core/Src/gpio.o
 .debug_macro   0x00000f74       0x2e ./Core/Src/gpio.o
 .debug_macro   0x00000fa2       0x28 ./Core/Src/gpio.o
 .debug_macro   0x00000fca       0x22 ./Core/Src/gpio.o
 .debug_macro   0x00000fec       0x8e ./Core/Src/gpio.o
 .debug_macro   0x0000107a       0x51 ./Core/Src/gpio.o
 .debug_macro   0x000010cb      0x103 ./Core/Src/gpio.o
 .debug_macro   0x000011ce       0x6a ./Core/Src/gpio.o
 .debug_macro   0x00001238      0x1df ./Core/Src/gpio.o
 .debug_macro   0x00001417       0x1c ./Core/Src/gpio.o
 .debug_macro   0x00001433       0x22 ./Core/Src/gpio.o
 .debug_macro   0x00001455       0xfb ./Core/Src/gpio.o
 .debug_macro   0x00001550     0x1011 ./Core/Src/gpio.o
 .debug_macro   0x00002561      0x11f ./Core/Src/gpio.o
 .debug_macro   0x00002680     0xb968 ./Core/Src/gpio.o
 .debug_macro   0x0000dfe8       0x6d ./Core/Src/gpio.o
 .debug_macro   0x0000e055     0x3693 ./Core/Src/gpio.o
 .debug_macro   0x000116e8      0x190 ./Core/Src/gpio.o
 .debug_macro   0x00011878       0x5c ./Core/Src/gpio.o
 .debug_macro   0x000118d4      0x45c ./Core/Src/gpio.o
 .debug_macro   0x00011d30      0x9e9 ./Core/Src/gpio.o
 .debug_macro   0x00012719      0x115 ./Core/Src/gpio.o
 .debug_macro   0x0001282e      0x11b ./Core/Src/gpio.o
 .debug_macro   0x00012949       0xa5 ./Core/Src/gpio.o
 .debug_macro   0x000129ee      0x15f ./Core/Src/gpio.o
 .debug_macro   0x00012b4d      0x287 ./Core/Src/gpio.o
 .debug_macro   0x00012dd4       0x5f ./Core/Src/gpio.o
 .debug_macro   0x00012e33      0x236 ./Core/Src/gpio.o
 .debug_macro   0x00013069      0x132 ./Core/Src/gpio.o
 .debug_macro   0x0001319b      0x264 ./Core/Src/gpio.o
 .debug_macro   0x000133ff       0x2e ./Core/Src/gpio.o
 .debug_macro   0x0001342d      0x1b5 ./Core/Src/gpio.o
 .debug_macro   0x000135e2       0x22 ./Core/Src/gpio.o
 .debug_macro   0x00013604       0xd6 ./Core/Src/gpio.o
 .debug_macro   0x000136da      0x127 ./Core/Src/gpio.o
 .debug_macro   0x00013801       0x85 ./Core/Src/gpio.o
 .debug_macro   0x00013886       0x89 ./Core/Src/gpio.o
 .debug_macro   0x0001390f      0x8ed ./Core/Src/gpio.o
 .debug_macro   0x000141fc       0x47 ./Core/Src/gpio.o
 .debug_macro   0x00014243      0x2aa ./Core/Src/gpio.o
 .debug_macro   0x000144ed      0x126 ./Core/Src/gpio.o
 .debug_macro   0x00014613      0x1fb ./Core/Src/i2c.o
 .debug_macro   0x0001480e      0x227 ./Core/Src/main.o
 .debug_macro   0x00014a35      0x1f1 ./Core/Src/stm32f4xx_hal_msp.o
 .debug_macro   0x00014c26      0x1fb ./Core/Src/stm32f4xx_it.o
 .debug_macro   0x00014e21      0x112 ./Core/Src/sysmem.o
 .debug_macro   0x00014f33      0x23c ./Core/Src/sysmem.o
 .debug_macro   0x0001516f      0x1e7 ./Core/Src/system_stm32f4xx.o
 .debug_macro   0x00015356      0x1fb ./Core/Src/tim.o
 .debug_macro   0x00015551      0x1fb ./Core/Src/usart.o
 .debug_macro   0x0001574c      0x30f ./Core/ap/src/Controller.o
 .debug_macro   0x00015a5b       0x28 ./Core/ap/src/Controller.o
 .debug_macro   0x00015a83       0x10 ./Core/ap/src/Controller.o
 .debug_macro   0x00015a93       0x61 ./Core/ap/src/Controller.o
 .debug_macro   0x00015af4       0x10 ./Core/ap/src/Controller.o
 .debug_macro   0x00015b04       0x20 ./Core/ap/src/Controller.o
 .debug_macro   0x00015b24      0x333 ./Core/ap/src/Listener.o
 .debug_macro   0x00015e57       0x2e ./Core/ap/src/Listener.o
 .debug_macro   0x00015e85       0x16 ./Core/ap/src/Listener.o
 .debug_macro   0x00015e9b       0x16 ./Core/ap/src/Listener.o
 .debug_macro   0x00015eb1      0x383 ./Core/ap/src/Presenter.o
 .debug_macro   0x00016234       0x1c ./Core/ap/src/Presenter.o
 .debug_macro   0x00016250       0x1c ./Core/ap/src/Presenter.o
 .debug_macro   0x0001626c      0x200 ./Core/ap/src/TimeWatch.o
 .debug_macro   0x0001646c      0x26a ./Core/ap/src/ap_main.o
 .debug_macro   0x000166d6      0x1f7 ./Core/ap/src/queue.o
 .debug_macro   0x000168cd      0x20f ./Core/ap/src/sound.o
 .debug_macro   0x00016adc      0x1f1 ./Core/driver/Button/Button.o
 .debug_macro   0x00016ccd      0x20a ./Core/driver/DHT11/DHT11.o
 .debug_macro   0x00016ed7       0x16 ./Core/driver/DHT11/DHT11.o
 .debug_macro   0x00016eed      0x1f6 ./Core/driver/FND/FND.o
 .debug_macro   0x000170e3      0x241 ./Core/driver/LCD/lcd.o
 .debug_macro   0x00017324      0x1f1 ./Core/driver/Light/light.o
 .debug_macro   0x00017515      0x205 ./Core/driver/buzzer/buzzer.o
 .debug_macro   0x0001771a      0x31c ./Core/driver/hypersonic/distance.o
 .debug_macro   0x00017a36       0x10 ./Core/driver/hypersonic/distance.o
 .debug_macro   0x00017a46       0x16 ./Core/driver/hypersonic/distance.o
 .debug_macro   0x00017a5c       0x16 ./Core/driver/hypersonic/distance.o
 .debug_macro   0x00017a72       0x16 ./Core/driver/hypersonic/distance.o
 .debug_macro   0x00017a88      0x205 ./Core/driver/motor/motor.o
 .debug_macro   0x00017c8d      0x247 ./Drivers/STM32F4xx_HAL_Driver/Src/stm32f4xx_hal.o
 .debug_macro   0x00017ed4      0x1e7 ./Drivers/STM32F4xx_HAL_Driver/Src/stm32f4xx_hal_cortex.o
 .debug_macro   0x000180bb      0x1ed ./Drivers/STM32F4xx_HAL_Driver/Src/stm32f4xx_hal_dma.o
 .debug_macro   0x000182a8      0x1ed ./Drivers/STM32F4xx_HAL_Driver/Src/stm32f4xx_hal_gpio.o
 .debug_macro   0x00018495      0x235 ./Drivers/STM32F4xx_HAL_Driver/Src/stm32f4xx_hal_i2c.o
 .debug_macro   0x000186ca      0x20b ./Drivers/STM32F4xx_HAL_Driver/Src/stm32f4xx_hal_rcc.o
 .debug_macro   0x000188d5      0x1e8 ./Drivers/STM32F4xx_HAL_Driver/Src/stm32f4xx_hal_tim.o
 .debug_macro   0x00018abd      0x1e7 ./Drivers/STM32F4xx_HAL_Driver/Src/stm32f4xx_hal_tim_ex.o
 .debug_macro   0x00018ca4      0x1e8 ./Drivers/STM32F4xx_HAL_Driver/Src/stm32f4xx_hal_uart.o

.debug_line     0x00000000    0x1c2e9
 .debug_line    0x00000000      0x7c1 ./Core/Src/gpio.o
 .debug_line    0x000007c1      0x7e5 ./Core/Src/i2c.o
 .debug_line    0x00000fa6      0x853 ./Core/Src/main.o
 .debug_line    0x000017f9      0x777 ./Core/Src/stm32f4xx_hal_msp.o
 .debug_line    0x00001f70      0x856 ./Core/Src/stm32f4xx_it.o
 .debug_line    0x000027c6      0x588 ./Core/Src/sysmem.o
 .debug_line    0x00002d4e      0x7ed ./Core/Src/system_stm32f4xx.o
 .debug_line    0x0000353b      0x9bf ./Core/Src/tim.o
 .debug_line    0x00003efa      0x7e8 ./Core/Src/usart.o
 .debug_line    0x000046e2       0x7a ./Core/Startup/startup_stm32f411retx.o
 .debug_line    0x0000475c      0xb01 ./Core/ap/src/Controller.o
 .debug_line    0x0000525d      0xba5 ./Core/ap/src/Listener.o
 .debug_line    0x00005e02      0xb6f ./Core/ap/src/Presenter.o
 .debug_line    0x00006971      0x875 ./Core/ap/src/TimeWatch.o
 .debug_line    0x000071e6      0x927 ./Core/ap/src/ap_main.o
 .debug_line    0x00007b0d      0x86d ./Core/ap/src/queue.o
 .debug_line    0x0000837a      0x87b ./Core/ap/src/sound.o
 .debug_line    0x00008bf5      0x7c8 ./Core/driver/Button/Button.o
 .debug_line    0x000093bd      0x95a ./Core/driver/DHT11/DHT11.o
 .debug_line    0x00009d17      0x8af ./Core/driver/FND/FND.o
 .debug_line    0x0000a5c6      0x94b ./Core/driver/LCD/lcd.o
 .debug_line    0x0000af11      0x7a2 ./Core/driver/Light/light.o
 .debug_line    0x0000b6b3      0x81b ./Core/driver/buzzer/buzzer.o
 .debug_line    0x0000bece      0xac9 ./Core/driver/hypersonic/distance.o
 .debug_line    0x0000c997      0x80b ./Core/driver/motor/motor.o
 .debug_line    0x0000d1a2      0xa69 ./Drivers/STM32F4xx_HAL_Driver/Src/stm32f4xx_hal.o
 .debug_line    0x0000dc0b      0xd39 ./Drivers/STM32F4xx_HAL_Driver/Src/stm32f4xx_hal_cortex.o
 .debug_line    0x0000e944      0xfd5 ./Drivers/STM32F4xx_HAL_Driver/Src/stm32f4xx_hal_dma.o
 .debug_line    0x0000f919      0xb85 ./Drivers/STM32F4xx_HAL_Driver/Src/stm32f4xx_hal_gpio.o