../Core/ap/src/Listener.c:31:6:Listener_CheckButton	16	static
../Core/ap/src/Listener.c:53:6:Listener_CheckUart	16	static
../Core/ap/src/Listener.c:67:6:Listener_CheckDHT11	8	static
../Core/ap/src/Listener.c:72:6:Listener_UartCallBack	8	static
../Core/ap/src/Listener.c:77:6:Listener_Init	8	static
../Core/ap/src/Listener.c:88:6:Listener_Excute	8	static
../Core/ap/src/Listener.c:96:5:get_tem	4	static
../Core/ap/src/Listener.c:100:5:get_hue	4	static
../Core/ap/src/Listener.c:104:6:get_rxChar	4	static
../Core/ap/src/Listener.c:109:10:Listener_GetStoredDistance	4	static
